quality-gate	Set up job	ï»¿2025-12-29T01:41:04.3124568Z Current runner version: '2.330.0'
quality-gate	Set up job	2025-12-29T01:41:04.3147898Z ##[group]Runner Image Provisioner
quality-gate	Set up job	2025-12-29T01:41:04.3148691Z Hosted Compute Agent
quality-gate	Set up job	2025-12-29T01:41:04.3149242Z Version: 20251211.462
quality-gate	Set up job	2025-12-29T01:41:04.3149901Z Commit: 6cbad8c2bb55d58165063d031ccabf57e2d2db61
quality-gate	Set up job	2025-12-29T01:41:04.3150594Z Build Date: 2025-12-11T16:28:49Z
quality-gate	Set up job	2025-12-29T01:41:04.3151265Z Worker ID: {df9973f7-fbad-4e3a-a2d0-f3a82ab95e0c}
quality-gate	Set up job	2025-12-29T01:41:04.3151932Z ##[endgroup]
quality-gate	Set up job	2025-12-29T01:41:04.3152924Z ##[group]Operating System
quality-gate	Set up job	2025-12-29T01:41:04.3153462Z Ubuntu
quality-gate	Set up job	2025-12-29T01:41:04.3153924Z 24.04.3
quality-gate	Set up job	2025-12-29T01:41:04.3154432Z LTS
quality-gate	Set up job	2025-12-29T01:41:04.3154890Z ##[endgroup]
quality-gate	Set up job	2025-12-29T01:41:04.3155401Z ##[group]Runner Image
quality-gate	Set up job	2025-12-29T01:41:04.3155978Z Image: ubuntu-24.04
quality-gate	Set up job	2025-12-29T01:41:04.3156517Z Version: 20251215.174.1
quality-gate	Set up job	2025-12-29T01:41:04.3157504Z Included Software: https://github.com/actions/runner-images/blob/ubuntu24/20251215.174/images/ubuntu/Ubuntu2404-Readme.md
quality-gate	Set up job	2025-12-29T01:41:04.3158974Z Image Release: https://github.com/actions/runner-images/releases/tag/ubuntu24%2F20251215.174
quality-gate	Set up job	2025-12-29T01:41:04.3160208Z ##[endgroup]
quality-gate	Set up job	2025-12-29T01:41:04.3163141Z ##[group]GITHUB_TOKEN Permissions
quality-gate	Set up job	2025-12-29T01:41:04.3165340Z Actions: write
quality-gate	Set up job	2025-12-29T01:41:04.3166033Z ArtifactMetadata: write
quality-gate	Set up job	2025-12-29T01:41:04.3166559Z Attestations: write
quality-gate	Set up job	2025-12-29T01:41:04.3167082Z Checks: write
quality-gate	Set up job	2025-12-29T01:41:04.3167567Z Contents: write
quality-gate	Set up job	2025-12-29T01:41:04.3168094Z Deployments: write
quality-gate	Set up job	2025-12-29T01:41:04.3168602Z Discussions: write
quality-gate	Set up job	2025-12-29T01:41:04.3169141Z Issues: write
quality-gate	Set up job	2025-12-29T01:41:04.3169613Z Metadata: read
quality-gate	Set up job	2025-12-29T01:41:04.3170116Z Models: read
quality-gate	Set up job	2025-12-29T01:41:04.3170647Z Packages: write
quality-gate	Set up job	2025-12-29T01:41:04.3171136Z Pages: write
quality-gate	Set up job	2025-12-29T01:41:04.3171668Z PullRequests: write
quality-gate	Set up job	2025-12-29T01:41:04.3172389Z RepositoryProjects: write
quality-gate	Set up job	2025-12-29T01:41:04.3173057Z SecurityEvents: write
quality-gate	Set up job	2025-12-29T01:41:04.3173547Z Statuses: write
quality-gate	Set up job	2025-12-29T01:41:04.3174052Z ##[endgroup]
quality-gate	Set up job	2025-12-29T01:41:04.3176107Z Secret source: Actions
quality-gate	Set up job	2025-12-29T01:41:04.3177075Z Prepare workflow directory
quality-gate	Set up job	2025-12-29T01:41:04.3500805Z Prepare all required actions
quality-gate	Set up job	2025-12-29T01:41:04.3539082Z Getting action download info
quality-gate	Set up job	2025-12-29T01:41:04.7209876Z Download action repository 'actions/checkout@v4' (SHA:34e114876b0b11c390a56381ad16ebd13914f8d5)
quality-gate	Set up job	2025-12-29T01:41:05.0799286Z Download action repository 'actions/setup-python@v5' (SHA:a26af69be951a213d495a4c3e4e4022e16d87065)
quality-gate	Set up job	2025-12-29T01:41:05.1706143Z Download action repository 'actions/upload-artifact@v4' (SHA:ea165f8d65b6e75b540449e92b4886f43607fa02)
quality-gate	Set up job	2025-12-29T01:41:05.3786703Z Complete job name: quality-gate
quality-gate	Run actions/checkout@v4	ï»¿2025-12-29T01:41:05.4546997Z ##[group]Run actions/checkout@v4
quality-gate	Run actions/checkout@v4	2025-12-29T01:41:05.4547910Z with:
quality-gate	Run actions/checkout@v4	2025-12-29T01:41:05.4548404Z   repository: D-sorganization/Golf_Modeling_Suite
quality-gate	Run actions/checkout@v4	2025-12-29T01:41:05.4549185Z   token: ***
quality-gate	Run actions/checkout@v4	2025-12-29T01:41:05.4549585Z   ssh-strict: true
quality-gate	Run actions/checkout@v4	2025-12-29T01:41:05.4550004Z   ssh-user: git
quality-gate	Run actions/checkout@v4	2025-12-29T01:41:05.4550427Z   persist-credentials: true
quality-gate	Run actions/checkout@v4	2025-12-29T01:41:05.4550915Z   clean: true
quality-gate	Run actions/checkout@v4	2025-12-29T01:41:05.4551376Z   sparse-checkout-cone-mode: true
quality-gate	Run actions/checkout@v4	2025-12-29T01:41:05.4551898Z   fetch-depth: 1
quality-gate	Run actions/checkout@v4	2025-12-29T01:41:05.4552693Z   fetch-tags: false
quality-gate	Run actions/checkout@v4	2025-12-29T01:41:05.4553169Z   show-progress: true
quality-gate	Run actions/checkout@v4	2025-12-29T01:41:05.4553596Z   lfs: false
quality-gate	Run actions/checkout@v4	2025-12-29T01:41:05.4553989Z   submodules: false
quality-gate	Run actions/checkout@v4	2025-12-29T01:41:05.4554417Z   set-safe-directory: true
quality-gate	Run actions/checkout@v4	2025-12-29T01:41:05.4555223Z ##[endgroup]
quality-gate	Run actions/checkout@v4	2025-12-29T01:41:05.5663609Z Syncing repository: D-sorganization/Golf_Modeling_Suite
quality-gate	Run actions/checkout@v4	2025-12-29T01:41:05.5665493Z ##[group]Getting Git version info
quality-gate	Run actions/checkout@v4	2025-12-29T01:41:05.5666369Z Working directory is '/home/runner/work/Golf_Modeling_Suite/Golf_Modeling_Suite'
quality-gate	Run actions/checkout@v4	2025-12-29T01:41:05.5667563Z [command]/usr/bin/git version
quality-gate	Run actions/checkout@v4	2025-12-29T01:41:05.5759748Z git version 2.52.0
quality-gate	Run actions/checkout@v4	2025-12-29T01:41:05.5787185Z ##[endgroup]
quality-gate	Run actions/checkout@v4	2025-12-29T01:41:05.5800311Z Temporarily overriding HOME='/home/runner/work/_temp/63d2ebeb-f3d8-4bf8-81d9-431f8de3ec9a' before making global git config changes
quality-gate	Run actions/checkout@v4	2025-12-29T01:41:05.5801953Z Adding repository directory to the temporary git global config as a safe directory
quality-gate	Run actions/checkout@v4	2025-12-29T01:41:05.5806258Z [command]/usr/bin/git config --global --add safe.directory /home/runner/work/Golf_Modeling_Suite/Golf_Modeling_Suite
quality-gate	Run actions/checkout@v4	2025-12-29T01:41:05.5846387Z Deleting the contents of '/home/runner/work/Golf_Modeling_Suite/Golf_Modeling_Suite'
quality-gate	Run actions/checkout@v4	2025-12-29T01:41:05.5849690Z ##[group]Initializing the repository
quality-gate	Run actions/checkout@v4	2025-12-29T01:41:05.5853807Z [command]/usr/bin/git init /home/runner/work/Golf_Modeling_Suite/Golf_Modeling_Suite
quality-gate	Run actions/checkout@v4	2025-12-29T01:41:05.5972971Z hint: Using 'master' as the name for the initial branch. This default branch name
quality-gate	Run actions/checkout@v4	2025-12-29T01:41:05.5974253Z hint: will change to "main" in Git 3.0. To configure the initial branch name
quality-gate	Run actions/checkout@v4	2025-12-29T01:41:05.5975293Z hint: to use in all of your new repositories, which will suppress this warning,
quality-gate	Run actions/checkout@v4	2025-12-29T01:41:05.5976070Z hint: call:
quality-gate	Run actions/checkout@v4	2025-12-29T01:41:05.5976468Z hint:
quality-gate	Run actions/checkout@v4	2025-12-29T01:41:05.5977314Z hint: 	git config --global init.defaultBranch <name>
quality-gate	Run actions/checkout@v4	2025-12-29T01:41:05.5978262Z hint:
quality-gate	Run actions/checkout@v4	2025-12-29T01:41:05.5978877Z hint: Names commonly chosen instead of 'master' are 'main', 'trunk' and
quality-gate	Run actions/checkout@v4	2025-12-29T01:41:05.5979888Z hint: 'development'. The just-created branch can be renamed via this command:
quality-gate	Run actions/checkout@v4	2025-12-29T01:41:05.5980673Z hint:
quality-gate	Run actions/checkout@v4	2025-12-29T01:41:05.5981080Z hint: 	git branch -m <name>
quality-gate	Run actions/checkout@v4	2025-12-29T01:41:05.5981565Z hint:
quality-gate	Run actions/checkout@v4	2025-12-29T01:41:05.5982564Z hint: Disable this message with "git config set advice.defaultBranchName false"
quality-gate	Run actions/checkout@v4	2025-12-29T01:41:05.5984163Z Initialized empty Git repository in /home/runner/work/Golf_Modeling_Suite/Golf_Modeling_Suite/.git/
quality-gate	Run actions/checkout@v4	2025-12-29T01:41:05.5988363Z [command]/usr/bin/git remote add origin https://github.com/D-sorganization/Golf_Modeling_Suite
quality-gate	Run actions/checkout@v4	2025-12-29T01:41:05.6024832Z ##[endgroup]
quality-gate	Run actions/checkout@v4	2025-12-29T01:41:05.6025568Z ##[group]Disabling automatic garbage collection
quality-gate	Run actions/checkout@v4	2025-12-29T01:41:05.6028756Z [command]/usr/bin/git config --local gc.auto 0
quality-gate	Run actions/checkout@v4	2025-12-29T01:41:05.6058389Z ##[endgroup]
quality-gate	Run actions/checkout@v4	2025-12-29T01:41:05.6059783Z ##[group]Setting up auth
quality-gate	Run actions/checkout@v4	2025-12-29T01:41:05.6066210Z [command]/usr/bin/git config --local --name-only --get-regexp core\.sshCommand
quality-gate	Run actions/checkout@v4	2025-12-29T01:41:05.6097075Z [command]/usr/bin/git submodule foreach --recursive sh -c "git config --local --name-only --get-regexp 'core\.sshCommand' && git config --local --unset-all 'core.sshCommand' || :"
quality-gate	Run actions/checkout@v4	2025-12-29T01:41:05.6423100Z [command]/usr/bin/git config --local --name-only --get-regexp http\.https\:\/\/github\.com\/\.extraheader
quality-gate	Run actions/checkout@v4	2025-12-29T01:41:05.6455051Z [command]/usr/bin/git submodule foreach --recursive sh -c "git config --local --name-only --get-regexp 'http\.https\:\/\/github\.com\/\.extraheader' && git config --local --unset-all 'http.https://github.com/.extraheader' || :"
quality-gate	Run actions/checkout@v4	2025-12-29T01:41:05.6671540Z [command]/usr/bin/git config --local --name-only --get-regexp ^includeIf\.gitdir:
quality-gate	Run actions/checkout@v4	2025-12-29T01:41:05.6709736Z [command]/usr/bin/git submodule foreach --recursive git config --local --show-origin --name-only --get-regexp remote.origin.url
quality-gate	Run actions/checkout@v4	2025-12-29T01:41:05.6927111Z [command]/usr/bin/git config --local http.https://github.com/.extraheader AUTHORIZATION: basic ***
quality-gate	Run actions/checkout@v4	2025-12-29T01:41:05.6961679Z ##[endgroup]
quality-gate	Run actions/checkout@v4	2025-12-29T01:41:05.6962972Z ##[group]Fetching the repository
quality-gate	Run actions/checkout@v4	2025-12-29T01:41:05.6970996Z [command]/usr/bin/git -c protocol.version=2 fetch --no-tags --prune --no-recurse-submodules --depth=1 origin +a953236510983f93a0c39c980c848adc382559d0:refs/remotes/pull/161/merge
quality-gate	Run actions/checkout@v4	2025-12-29T01:41:07.6543636Z From https://github.com/D-sorganization/Golf_Modeling_Suite
quality-gate	Run actions/checkout@v4	2025-12-29T01:41:07.6544729Z  * [new ref]         a953236510983f93a0c39c980c848adc382559d0 -> pull/161/merge
quality-gate	Run actions/checkout@v4	2025-12-29T01:41:07.6576445Z ##[endgroup]
quality-gate	Run actions/checkout@v4	2025-12-29T01:41:07.6577236Z ##[group]Determining the checkout info
quality-gate	Run actions/checkout@v4	2025-12-29T01:41:07.6579030Z ##[endgroup]
quality-gate	Run actions/checkout@v4	2025-12-29T01:41:07.6584535Z [command]/usr/bin/git sparse-checkout disable
quality-gate	Run actions/checkout@v4	2025-12-29T01:41:07.6623884Z [command]/usr/bin/git config --local --unset-all extensions.worktreeConfig
quality-gate	Run actions/checkout@v4	2025-12-29T01:41:07.6648547Z ##[group]Checking out the ref
quality-gate	Run actions/checkout@v4	2025-12-29T01:41:07.6651984Z [command]/usr/bin/git checkout --progress --force refs/remotes/pull/161/merge
quality-gate	Run actions/checkout@v4	2025-12-29T01:41:08.5333304Z Note: switching to 'refs/remotes/pull/161/merge'.
quality-gate	Run actions/checkout@v4	2025-12-29T01:41:08.5333965Z 
quality-gate	Run actions/checkout@v4	2025-12-29T01:41:08.5334363Z You are in 'detached HEAD' state. You can look around, make experimental
quality-gate	Run actions/checkout@v4	2025-12-29T01:41:08.5335723Z changes and commit them, and you can discard any commits you make in this
quality-gate	Run actions/checkout@v4	2025-12-29T01:41:08.5336419Z state without impacting any branches by switching back to a branch.
quality-gate	Run actions/checkout@v4	2025-12-29T01:41:08.5336819Z 
quality-gate	Run actions/checkout@v4	2025-12-29T01:41:08.5337100Z If you want to create a new branch to retain commits you create, you may
quality-gate	Run actions/checkout@v4	2025-12-29T01:41:08.5337742Z do so (now or later) by using -c with the switch command. Example:
quality-gate	Run actions/checkout@v4	2025-12-29T01:41:08.5338098Z 
quality-gate	Run actions/checkout@v4	2025-12-29T01:41:08.5338216Z   git switch -c <new-branch-name>
quality-gate	Run actions/checkout@v4	2025-12-29T01:41:08.5338428Z 
quality-gate	Run actions/checkout@v4	2025-12-29T01:41:08.5338540Z Or undo this operation with:
quality-gate	Run actions/checkout@v4	2025-12-29T01:41:08.5338733Z 
quality-gate	Run actions/checkout@v4	2025-12-29T01:41:08.5338835Z   git switch -
quality-gate	Run actions/checkout@v4	2025-12-29T01:41:08.5339023Z 
quality-gate	Run actions/checkout@v4	2025-12-29T01:41:08.5339265Z Turn off this advice by setting config variable advice.detachedHead to false
quality-gate	Run actions/checkout@v4	2025-12-29T01:41:08.5339643Z 
quality-gate	Run actions/checkout@v4	2025-12-29T01:41:08.5340042Z HEAD is now at a953236 Merge 3d4e69fa732b4d6fd4f50003c07a6f2cbb8d89bf into 554865d939af83f9af801700c3e3451c8144a2a7
quality-gate	Run actions/checkout@v4	2025-12-29T01:41:08.5389776Z ##[endgroup]
quality-gate	Run actions/checkout@v4	2025-12-29T01:41:08.5430952Z [command]/usr/bin/git log -1 --format=%H
quality-gate	Run actions/checkout@v4	2025-12-29T01:41:08.5453456Z a953236510983f93a0c39c980c848adc382559d0
quality-gate	Run actions/setup-python@v5	ï»¿2025-12-29T01:41:08.5764585Z ##[group]Run actions/setup-python@v5
quality-gate	Run actions/setup-python@v5	2025-12-29T01:41:08.5764885Z with:
quality-gate	Run actions/setup-python@v5	2025-12-29T01:41:08.5765091Z   python-version: 3.11
quality-gate	Run actions/setup-python@v5	2025-12-29T01:41:08.5765297Z   check-latest: false
quality-gate	Run actions/setup-python@v5	2025-12-29T01:41:08.5765619Z   token: ***
quality-gate	Run actions/setup-python@v5	2025-12-29T01:41:08.5765819Z   update-environment: true
quality-gate	Run actions/setup-python@v5	2025-12-29T01:41:08.5766040Z   allow-prereleases: false
quality-gate	Run actions/setup-python@v5	2025-12-29T01:41:08.5766290Z   freethreaded: false
quality-gate	Run actions/setup-python@v5	2025-12-29T01:41:08.5766480Z ##[endgroup]
quality-gate	Run actions/setup-python@v5	2025-12-29T01:41:08.7427352Z ##[group]Installed versions
quality-gate	Run actions/setup-python@v5	2025-12-29T01:41:08.7534496Z Successfully set up CPython (3.11.14)
quality-gate	Run actions/setup-python@v5	2025-12-29T01:41:08.7535834Z ##[endgroup]
quality-gate	Run pip install ruff==0.14.10 black==25.12.0 mypy==1.13.0 bandit==1.7.7 pydocstyle==6.3.0	ï»¿2025-12-29T01:41:08.7655678Z ##[group]Run pip install ruff==0.14.10 black==25.12.0 mypy==1.13.0 bandit==1.7.7 pydocstyle==6.3.0
quality-gate	Run pip install ruff==0.14.10 black==25.12.0 mypy==1.13.0 bandit==1.7.7 pydocstyle==6.3.0	2025-12-29T01:41:08.7656352Z [36;1mpip install ruff==0.14.10 black==25.12.0 mypy==1.13.0 bandit==1.7.7 pydocstyle==6.3.0[0m
quality-gate	Run pip install ruff==0.14.10 black==25.12.0 mypy==1.13.0 bandit==1.7.7 pydocstyle==6.3.0	2025-12-29T01:41:08.7707018Z shell: /usr/bin/bash -e {0}
quality-gate	Run pip install ruff==0.14.10 black==25.12.0 mypy==1.13.0 bandit==1.7.7 pydocstyle==6.3.0	2025-12-29T01:41:08.7707286Z env:
quality-gate	Run pip install ruff==0.14.10 black==25.12.0 mypy==1.13.0 bandit==1.7.7 pydocstyle==6.3.0	2025-12-29T01:41:08.7707541Z   pythonLocation: /opt/hostedtoolcache/Python/3.11.14/x64
quality-gate	Run pip install ruff==0.14.10 black==25.12.0 mypy==1.13.0 bandit==1.7.7 pydocstyle==6.3.0	2025-12-29T01:41:08.7707964Z   PKG_CONFIG_PATH: /opt/hostedtoolcache/Python/3.11.14/x64/lib/pkgconfig
quality-gate	Run pip install ruff==0.14.10 black==25.12.0 mypy==1.13.0 bandit==1.7.7 pydocstyle==6.3.0	2025-12-29T01:41:08.7708361Z   Python_ROOT_DIR: /opt/hostedtoolcache/Python/3.11.14/x64
quality-gate	Run pip install ruff==0.14.10 black==25.12.0 mypy==1.13.0 bandit==1.7.7 pydocstyle==6.3.0	2025-12-29T01:41:08.7708908Z   Python2_ROOT_DIR: /opt/hostedtoolcache/Python/3.11.14/x64
quality-gate	Run pip install ruff==0.14.10 black==25.12.0 mypy==1.13.0 bandit==1.7.7 pydocstyle==6.3.0	2025-12-29T01:41:08.7709522Z   Python3_ROOT_DIR: /opt/hostedtoolcache/Python/3.11.14/x64
quality-gate	Run pip install ruff==0.14.10 black==25.12.0 mypy==1.13.0 bandit==1.7.7 pydocstyle==6.3.0	2025-12-29T01:41:08.7710227Z   LD_LIBRARY_PATH: /opt/hostedtoolcache/Python/3.11.14/x64/lib
quality-gate	Run pip install ruff==0.14.10 black==25.12.0 mypy==1.13.0 bandit==1.7.7 pydocstyle==6.3.0	2025-12-29T01:41:08.7710717Z ##[endgroup]
quality-gate	Run pip install ruff==0.14.10 black==25.12.0 mypy==1.13.0 bandit==1.7.7 pydocstyle==6.3.0	2025-12-29T01:41:09.9938387Z Collecting ruff==0.14.10
quality-gate	Run pip install ruff==0.14.10 black==25.12.0 mypy==1.13.0 bandit==1.7.7 pydocstyle==6.3.0	2025-12-29T01:41:10.0929058Z   Downloading ruff-0.14.10-py3-none-manylinux_2_17_x86_64.manylinux2014_x86_64.whl.metadata (26 kB)
quality-gate	Run pip install ruff==0.14.10 black==25.12.0 mypy==1.13.0 bandit==1.7.7 pydocstyle==6.3.0	2025-12-29T01:41:10.1672826Z Collecting black==25.12.0
quality-gate	Run pip install ruff==0.14.10 black==25.12.0 mypy==1.13.0 bandit==1.7.7 pydocstyle==6.3.0	2025-12-29T01:41:10.1812782Z   Downloading black-25.12.0-cp311-cp311-manylinux2014_x86_64.manylinux_2_17_x86_64.manylinux_2_28_x86_64.whl.metadata (86 kB)
quality-gate	Run pip install ruff==0.14.10 black==25.12.0 mypy==1.13.0 bandit==1.7.7 pydocstyle==6.3.0	2025-12-29T01:41:10.3371368Z Collecting mypy==1.13.0
quality-gate	Run pip install ruff==0.14.10 black==25.12.0 mypy==1.13.0 bandit==1.7.7 pydocstyle==6.3.0	2025-12-29T01:41:10.3585204Z   Downloading mypy-1.13.0-cp311-cp311-manylinux_2_17_x86_64.manylinux2014_x86_64.manylinux_2_28_x86_64.whl.metadata (2.1 kB)
quality-gate	Run pip install ruff==0.14.10 black==25.12.0 mypy==1.13.0 bandit==1.7.7 pydocstyle==6.3.0	2025-12-29T01:41:11.0955420Z Collecting bandit==1.7.7
quality-gate	Run pip install ruff==0.14.10 black==25.12.0 mypy==1.13.0 bandit==1.7.7 pydocstyle==6.3.0	2025-12-29T01:41:11.1110839Z   Downloading bandit-1.7.7-py3-none-any.whl.metadata (5.9 kB)
quality-gate	Run pip install ruff==0.14.10 black==25.12.0 mypy==1.13.0 bandit==1.7.7 pydocstyle==6.3.0	2025-12-29T01:41:11.1765336Z Collecting pydocstyle==6.3.0
quality-gate	Run pip install ruff==0.14.10 black==25.12.0 mypy==1.13.0 bandit==1.7.7 pydocstyle==6.3.0	2025-12-29T01:41:11.1901272Z   Downloading pydocstyle-6.3.0-py3-none-any.whl.metadata (3.7 kB)
quality-gate	Run pip install ruff==0.14.10 black==25.12.0 mypy==1.13.0 bandit==1.7.7 pydocstyle==6.3.0	2025-12-29T01:41:11.7927539Z Collecting click>=8.0.0 (from black==25.12.0)
quality-gate	Run pip install ruff==0.14.10 black==25.12.0 mypy==1.13.0 bandit==1.7.7 pydocstyle==6.3.0	2025-12-29T01:41:11.8068941Z   Downloading click-8.3.1-py3-none-any.whl.metadata (2.6 kB)
quality-gate	Run pip install ruff==0.14.10 black==25.12.0 mypy==1.13.0 bandit==1.7.7 pydocstyle==6.3.0	2025-12-29T01:41:12.0696943Z Collecting mypy-extensions>=0.4.3 (from black==25.12.0)
quality-gate	Run pip install ruff==0.14.10 black==25.12.0 mypy==1.13.0 bandit==1.7.7 pydocstyle==6.3.0	2025-12-29T01:41:12.0858179Z   Downloading mypy_extensions-1.1.0-py3-none-any.whl.metadata (1.1 kB)
quality-gate	Run pip install ruff==0.14.10 black==25.12.0 mypy==1.13.0 bandit==1.7.7 pydocstyle==6.3.0	2025-12-29T01:41:12.1100597Z Collecting packaging>=22.0 (from black==25.12.0)
quality-gate	Run pip install ruff==0.14.10 black==25.12.0 mypy==1.13.0 bandit==1.7.7 pydocstyle==6.3.0	2025-12-29T01:41:12.1237839Z   Downloading packaging-25.0-py3-none-any.whl.metadata (3.3 kB)
quality-gate	Run pip install ruff==0.14.10 black==25.12.0 mypy==1.13.0 bandit==1.7.7 pydocstyle==6.3.0	2025-12-29T01:41:12.1463557Z Collecting pathspec>=0.9.0 (from black==25.12.0)
quality-gate	Run pip install ruff==0.14.10 black==25.12.0 mypy==1.13.0 bandit==1.7.7 pydocstyle==6.3.0	2025-12-29T01:41:12.1603784Z   Downloading pathspec-0.12.1-py3-none-any.whl.metadata (21 kB)
quality-gate	Run pip install ruff==0.14.10 black==25.12.0 mypy==1.13.0 bandit==1.7.7 pydocstyle==6.3.0	2025-12-29T01:41:12.1889430Z Collecting platformdirs>=2 (from black==25.12.0)
quality-gate	Run pip install ruff==0.14.10 black==25.12.0 mypy==1.13.0 bandit==1.7.7 pydocstyle==6.3.0	2025-12-29T01:41:12.2067650Z   Downloading platformdirs-4.5.1-py3-none-any.whl.metadata (12 kB)
quality-gate	Run pip install ruff==0.14.10 black==25.12.0 mypy==1.13.0 bandit==1.7.7 pydocstyle==6.3.0	2025-12-29T01:41:12.2313224Z Collecting pytokens>=0.3.0 (from black==25.12.0)
quality-gate	Run pip install ruff==0.14.10 black==25.12.0 mypy==1.13.0 bandit==1.7.7 pydocstyle==6.3.0	2025-12-29T01:41:12.2488654Z   Downloading pytokens-0.3.0-py3-none-any.whl.metadata (2.0 kB)
quality-gate	Run pip install ruff==0.14.10 black==25.12.0 mypy==1.13.0 bandit==1.7.7 pydocstyle==6.3.0	2025-12-29T01:41:12.2759708Z Collecting typing-extensions>=4.6.0 (from mypy==1.13.0)
quality-gate	Run pip install ruff==0.14.10 black==25.12.0 mypy==1.13.0 bandit==1.7.7 pydocstyle==6.3.0	2025-12-29T01:41:12.3149337Z   Downloading typing_extensions-4.15.0-py3-none-any.whl.metadata (3.3 kB)
quality-gate	Run pip install ruff==0.14.10 black==25.12.0 mypy==1.13.0 bandit==1.7.7 pydocstyle==6.3.0	2025-12-29T01:41:12.3663691Z Collecting PyYAML>=5.3.1 (from bandit==1.7.7)
quality-gate	Run pip install ruff==0.14.10 black==25.12.0 mypy==1.13.0 bandit==1.7.7 pydocstyle==6.3.0	2025-12-29T01:41:12.3981893Z   Downloading pyyaml-6.0.3-cp311-cp311-manylinux2014_x86_64.manylinux_2_17_x86_64.manylinux_2_28_x86_64.whl.metadata (2.4 kB)
quality-gate	Run pip install ruff==0.14.10 black==25.12.0 mypy==1.13.0 bandit==1.7.7 pydocstyle==6.3.0	2025-12-29T01:41:12.4329015Z Collecting stevedore>=1.20.0 (from bandit==1.7.7)
quality-gate	Run pip install ruff==0.14.10 black==25.12.0 mypy==1.13.0 bandit==1.7.7 pydocstyle==6.3.0	2025-12-29T01:41:12.4477658Z   Downloading stevedore-5.6.0-py3-none-any.whl.metadata (2.3 kB)
quality-gate	Run pip install ruff==0.14.10 black==25.12.0 mypy==1.13.0 bandit==1.7.7 pydocstyle==6.3.0	2025-12-29T01:41:12.4980905Z Collecting rich (from bandit==1.7.7)
quality-gate	Run pip install ruff==0.14.10 black==25.12.0 mypy==1.13.0 bandit==1.7.7 pydocstyle==6.3.0	2025-12-29T01:41:12.5132858Z   Downloading rich-14.2.0-py3-none-any.whl.metadata (18 kB)
quality-gate	Run pip install ruff==0.14.10 black==25.12.0 mypy==1.13.0 bandit==1.7.7 pydocstyle==6.3.0	2025-12-29T01:41:12.5386082Z Collecting snowballstemmer>=2.2.0 (from pydocstyle==6.3.0)
quality-gate	Run pip install ruff==0.14.10 black==25.12.0 mypy==1.13.0 bandit==1.7.7 pydocstyle==6.3.0	2025-12-29T01:41:12.5529474Z   Downloading snowballstemmer-3.0.1-py3-none-any.whl.metadata (7.9 kB)
quality-gate	Run pip install ruff==0.14.10 black==25.12.0 mypy==1.13.0 bandit==1.7.7 pydocstyle==6.3.0	2025-12-29T01:41:12.5819910Z Collecting markdown-it-py>=2.2.0 (from rich->bandit==1.7.7)
quality-gate	Run pip install ruff==0.14.10 black==25.12.0 mypy==1.13.0 bandit==1.7.7 pydocstyle==6.3.0	2025-12-29T01:41:12.5957233Z   Downloading markdown_it_py-4.0.0-py3-none-any.whl.metadata (7.3 kB)
quality-gate	Run pip install ruff==0.14.10 black==25.12.0 mypy==1.13.0 bandit==1.7.7 pydocstyle==6.3.0	2025-12-29T01:41:12.6276125Z Collecting pygments<3.0.0,>=2.13.0 (from rich->bandit==1.7.7)
quality-gate	Run pip install ruff==0.14.10 black==25.12.0 mypy==1.13.0 bandit==1.7.7 pydocstyle==6.3.0	2025-12-29T01:41:12.6421927Z   Downloading pygments-2.19.2-py3-none-any.whl.metadata (2.5 kB)
quality-gate	Run pip install ruff==0.14.10 black==25.12.0 mypy==1.13.0 bandit==1.7.7 pydocstyle==6.3.0	2025-12-29T01:41:12.6615308Z Collecting mdurl~=0.1 (from markdown-it-py>=2.2.0->rich->bandit==1.7.7)
quality-gate	Run pip install ruff==0.14.10 black==25.12.0 mypy==1.13.0 bandit==1.7.7 pydocstyle==6.3.0	2025-12-29T01:41:12.6754158Z   Downloading mdurl-0.1.2-py3-none-any.whl.metadata (1.6 kB)
quality-gate	Run pip install ruff==0.14.10 black==25.12.0 mypy==1.13.0 bandit==1.7.7 pydocstyle==6.3.0	2025-12-29T01:41:12.6952441Z Downloading ruff-0.14.10-py3-none-manylinux_2_17_x86_64.manylinux2014_x86_64.whl (14.2 MB)
quality-gate	Run pip install ruff==0.14.10 black==25.12.0 mypy==1.13.0 bandit==1.7.7 pydocstyle==6.3.0	2025-12-29T01:41:12.8421686Z    â”â”â”â”â”â”â”â”â”â”â”â”â”â”â”â”â”â”â”â”â”â”â”â”â”â”â”â”â”â”â”â”â”â”â”â”â”â”â”â” 14.2/14.2 MB 107.3 MB/s  0:00:00
quality-gate	Run pip install ruff==0.14.10 black==25.12.0 mypy==1.13.0 bandit==1.7.7 pydocstyle==6.3.0	2025-12-29T01:41:12.8598479Z Downloading black-25.12.0-cp311-cp311-manylinux2014_x86_64.manylinux_2_17_x86_64.manylinux_2_28_x86_64.whl (1.8 MB)
quality-gate	Run pip install ruff==0.14.10 black==25.12.0 mypy==1.13.0 bandit==1.7.7 pydocstyle==6.3.0	2025-12-29T01:41:12.8720273Z    â”â”â”â”â”â”â”â”â”â”â”â”â”â”â”â”â”â”â”â”â”â”â”â”â”â”â”â”â”â”â”â”â”â”â”â”â”â”â”â” 1.8/1.8 MB 159.4 MB/s  0:00:00
quality-gate	Run pip install ruff==0.14.10 black==25.12.0 mypy==1.13.0 bandit==1.7.7 pydocstyle==6.3.0	2025-12-29T01:41:12.8890087Z Downloading mypy-1.13.0-cp311-cp311-manylinux_2_17_x86_64.manylinux2014_x86_64.manylinux_2_28_x86_64.whl (12.5 MB)
quality-gate	Run pip install ruff==0.14.10 black==25.12.0 mypy==1.13.0 bandit==1.7.7 pydocstyle==6.3.0	2025-12-29T01:41:13.0059617Z    â”â”â”â”â”â”â”â”â”â”â”â”â”â”â”â”â”â”â”â”â”â”â”â”â”â”â”â”â”â”â”â”â”â”â”â”â”â”â”â” 12.5/12.5 MB 107.4 MB/s  0:00:00
quality-gate	Run pip install ruff==0.14.10 black==25.12.0 mypy==1.13.0 bandit==1.7.7 pydocstyle==6.3.0	2025-12-29T01:41:13.0223553Z Downloading bandit-1.7.7-py3-none-any.whl (124 kB)
quality-gate	Run pip install ruff==0.14.10 black==25.12.0 mypy==1.13.0 bandit==1.7.7 pydocstyle==6.3.0	2025-12-29T01:41:13.0389053Z Downloading pydocstyle-6.3.0-py3-none-any.whl (38 kB)
quality-gate	Run pip install ruff==0.14.10 black==25.12.0 mypy==1.13.0 bandit==1.7.7 pydocstyle==6.3.0	2025-12-29T01:41:13.0547397Z Downloading click-8.3.1-py3-none-any.whl (108 kB)
quality-gate	Run pip install ruff==0.14.10 black==25.12.0 mypy==1.13.0 bandit==1.7.7 pydocstyle==6.3.0	2025-12-29T01:41:13.0722996Z Downloading mypy_extensions-1.1.0-py3-none-any.whl (5.0 kB)
quality-gate	Run pip install ruff==0.14.10 black==25.12.0 mypy==1.13.0 bandit==1.7.7 pydocstyle==6.3.0	2025-12-29T01:41:13.0884232Z Downloading packaging-25.0-py3-none-any.whl (66 kB)
quality-gate	Run pip install ruff==0.14.10 black==25.12.0 mypy==1.13.0 bandit==1.7.7 pydocstyle==6.3.0	2025-12-29T01:41:13.1045288Z Downloading pathspec-0.12.1-py3-none-any.whl (31 kB)
quality-gate	Run pip install ruff==0.14.10 black==25.12.0 mypy==1.13.0 bandit==1.7.7 pydocstyle==6.3.0	2025-12-29T01:41:13.1221034Z Downloading platformdirs-4.5.1-py3-none-any.whl (18 kB)
quality-gate	Run pip install ruff==0.14.10 black==25.12.0 mypy==1.13.0 bandit==1.7.7 pydocstyle==6.3.0	2025-12-29T01:41:13.1377628Z Downloading pytokens-0.3.0-py3-none-any.whl (12 kB)
quality-gate	Run pip install ruff==0.14.10 black==25.12.0 mypy==1.13.0 bandit==1.7.7 pydocstyle==6.3.0	2025-12-29T01:41:13.1545205Z Downloading pyyaml-6.0.3-cp311-cp311-manylinux2014_x86_64.manylinux_2_17_x86_64.manylinux_2_28_x86_64.whl (806 kB)
quality-gate	Run pip install ruff==0.14.10 black==25.12.0 mypy==1.13.0 bandit==1.7.7 pydocstyle==6.3.0	2025-12-29T01:41:13.1631467Z    â”â”â”â”â”â”â”â”â”â”â”â”â”â”â”â”â”â”â”â”â”â”â”â”â”â”â”â”â”â”â”â”â”â”â”â”â”â”â”â” 806.6/806.6 kB 88.2 MB/s  0:00:00
quality-gate	Run pip install ruff==0.14.10 black==25.12.0 mypy==1.13.0 bandit==1.7.7 pydocstyle==6.3.0	2025-12-29T01:41:13.1774028Z Downloading snowballstemmer-3.0.1-py3-none-any.whl (103 kB)
quality-gate	Run pip install ruff==0.14.10 black==25.12.0 mypy==1.13.0 bandit==1.7.7 pydocstyle==6.3.0	2025-12-29T01:41:13.1939796Z Downloading stevedore-5.6.0-py3-none-any.whl (54 kB)
quality-gate	Run pip install ruff==0.14.10 black==25.12.0 mypy==1.13.0 bandit==1.7.7 pydocstyle==6.3.0	2025-12-29T01:41:13.2102844Z Downloading typing_extensions-4.15.0-py3-none-any.whl (44 kB)
quality-gate	Run pip install ruff==0.14.10 black==25.12.0 mypy==1.13.0 bandit==1.7.7 pydocstyle==6.3.0	2025-12-29T01:41:13.2265198Z Downloading rich-14.2.0-py3-none-any.whl (243 kB)
quality-gate	Run pip install ruff==0.14.10 black==25.12.0 mypy==1.13.0 bandit==1.7.7 pydocstyle==6.3.0	2025-12-29T01:41:13.2429461Z Downloading pygments-2.19.2-py3-none-any.whl (1.2 MB)
quality-gate	Run pip install ruff==0.14.10 black==25.12.0 mypy==1.13.0 bandit==1.7.7 pydocstyle==6.3.0	2025-12-29T01:41:13.2511307Z    â”â”â”â”â”â”â”â”â”â”â”â”â”â”â”â”â”â”â”â”â”â”â”â”â”â”â”â”â”â”â”â”â”â”â”â”â”â”â”â” 1.2/1.2 MB 158.7 MB/s  0:00:00
quality-gate	Run pip install ruff==0.14.10 black==25.12.0 mypy==1.13.0 bandit==1.7.7 pydocstyle==6.3.0	2025-12-29T01:41:13.2674125Z Downloading markdown_it_py-4.0.0-py3-none-any.whl (87 kB)
quality-gate	Run pip install ruff==0.14.10 black==25.12.0 mypy==1.13.0 bandit==1.7.7 pydocstyle==6.3.0	2025-12-29T01:41:13.2841321Z Downloading mdurl-0.1.2-py3-none-any.whl (10.0 kB)
quality-gate	Run pip install ruff==0.14.10 black==25.12.0 mypy==1.13.0 bandit==1.7.7 pydocstyle==6.3.0	2025-12-29T01:41:13.3727017Z Installing collected packages: typing-extensions, stevedore, snowballstemmer, ruff, PyYAML, pytokens, pygments, platformdirs, pathspec, packaging, mypy-extensions, mdurl, click, pydocstyle, mypy, markdown-it-py, black, rich, bandit
quality-gate	Run pip install ruff==0.14.10 black==25.12.0 mypy==1.13.0 bandit==1.7.7 pydocstyle==6.3.0	2025-12-29T01:41:16.1012348Z 
quality-gate	Run pip install ruff==0.14.10 black==25.12.0 mypy==1.13.0 bandit==1.7.7 pydocstyle==6.3.0	2025-12-29T01:41:16.1030130Z Successfully installed PyYAML-6.0.3 bandit-1.7.7 black-25.12.0 click-8.3.1 markdown-it-py-4.0.0 mdurl-0.1.2 mypy-1.13.0 mypy-extensions-1.1.0 packaging-25.0 pathspec-0.12.1 platformdirs-4.5.1 pydocstyle-6.3.0 pygments-2.19.2 pytokens-0.3.0 rich-14.2.0 ruff-0.14.10 snowballstemmer-3.0.1 stevedore-5.6.0 typing-extensions-4.15.0
quality-gate	Check Tool Version Consistency	ï»¿2025-12-29T01:41:16.3691218Z ##[group]Run echo "Validating tool versions match .pre-commit-config.yaml..."
quality-gate	Check Tool Version Consistency	2025-12-29T01:41:16.3691775Z [36;1mecho "Validating tool versions match .pre-commit-config.yaml..."[0m
quality-gate	Check Tool Version Consistency	2025-12-29T01:41:16.3692368Z [36;1m[0m
quality-gate	Check Tool Version Consistency	2025-12-29T01:41:16.3692575Z [36;1m# Check Black version[0m
quality-gate	Check Tool Version Consistency	2025-12-29T01:41:16.3692872Z [36;1mif ! grep -q "rev: 25.12.0" .pre-commit-config.yaml; then[0m
quality-gate	Check Tool Version Consistency	2025-12-29T01:41:16.3693305Z [36;1m  echo "::error::Black version mismatch between CI and pre-commit config"[0m
quality-gate	Check Tool Version Consistency	2025-12-29T01:41:16.3693644Z [36;1m  exit 1[0m
quality-gate	Check Tool Version Consistency	2025-12-29T01:41:16.3693819Z [36;1mfi[0m
quality-gate	Check Tool Version Consistency	2025-12-29T01:41:16.3693978Z [36;1m[0m
quality-gate	Check Tool Version Consistency	2025-12-29T01:41:16.3694150Z [36;1m# Check Ruff version[0m
quality-gate	Check Tool Version Consistency	2025-12-29T01:41:16.3694440Z [36;1mif ! grep -q "rev: v0.14.10" .pre-commit-config.yaml; then[0m
quality-gate	Check Tool Version Consistency	2025-12-29T01:41:16.3694863Z [36;1m  echo "::error::Ruff version mismatch between CI and pre-commit config"[0m
quality-gate	Check Tool Version Consistency	2025-12-29T01:41:16.3695213Z [36;1m  exit 1[0m
quality-gate	Check Tool Version Consistency	2025-12-29T01:41:16.3695384Z [36;1mfi[0m
quality-gate	Check Tool Version Consistency	2025-12-29T01:41:16.3695581Z [36;1m[0m
quality-gate	Check Tool Version Consistency	2025-12-29T01:41:16.3695750Z [36;1m# Check MyPy version[0m
quality-gate	Check Tool Version Consistency	2025-12-29T01:41:16.3696033Z [36;1mif ! grep -q "rev: v1.13.0" .pre-commit-config.yaml; then[0m
quality-gate	Check Tool Version Consistency	2025-12-29T01:41:16.3696438Z [36;1m  echo "::error::MyPy version mismatch between CI and pre-commit config"[0m
quality-gate	Check Tool Version Consistency	2025-12-29T01:41:16.3696770Z [36;1m  exit 1[0m
quality-gate	Check Tool Version Consistency	2025-12-29T01:41:16.3696936Z [36;1mfi[0m
quality-gate	Check Tool Version Consistency	2025-12-29T01:41:16.3697100Z [36;1m[0m
quality-gate	Check Tool Version Consistency	2025-12-29T01:41:16.3697296Z [36;1mecho "âœ“ All tool versions are consistent"[0m
quality-gate	Check Tool Version Consistency	2025-12-29T01:41:16.3729876Z shell: /usr/bin/bash -e {0}
quality-gate	Check Tool Version Consistency	2025-12-29T01:41:16.3730105Z env:
quality-gate	Check Tool Version Consistency	2025-12-29T01:41:16.3730345Z   pythonLocation: /opt/hostedtoolcache/Python/3.11.14/x64
quality-gate	Check Tool Version Consistency	2025-12-29T01:41:16.3730765Z   PKG_CONFIG_PATH: /opt/hostedtoolcache/Python/3.11.14/x64/lib/pkgconfig
quality-gate	Check Tool Version Consistency	2025-12-29T01:41:16.3731158Z   Python_ROOT_DIR: /opt/hostedtoolcache/Python/3.11.14/x64
quality-gate	Check Tool Version Consistency	2025-12-29T01:41:16.3731514Z   Python2_ROOT_DIR: /opt/hostedtoolcache/Python/3.11.14/x64
quality-gate	Check Tool Version Consistency	2025-12-29T01:41:16.3731863Z   Python3_ROOT_DIR: /opt/hostedtoolcache/Python/3.11.14/x64
quality-gate	Check Tool Version Consistency	2025-12-29T01:41:16.3732344Z   LD_LIBRARY_PATH: /opt/hostedtoolcache/Python/3.11.14/x64/lib
quality-gate	Check Tool Version Consistency	2025-12-29T01:41:16.3732639Z ##[endgroup]
quality-gate	Check Tool Version Consistency	2025-12-29T01:41:16.3784553Z Validating tool versions match .pre-commit-config.yaml...
quality-gate	Check Tool Version Consistency	2025-12-29T01:41:16.3824930Z âœ“ All tool versions are consistent
quality-gate	Lint	ï»¿2025-12-29T01:41:16.3849161Z ##[group]Run ruff check .
quality-gate	Lint	2025-12-29T01:41:16.3849417Z [36;1mruff check .[0m
quality-gate	Lint	2025-12-29T01:41:16.3878621Z shell: /usr/bin/bash -e {0}
quality-gate	Lint	2025-12-29T01:41:16.3878852Z env:
quality-gate	Lint	2025-12-29T01:41:16.3879090Z   pythonLocation: /opt/hostedtoolcache/Python/3.11.14/x64
quality-gate	Lint	2025-12-29T01:41:16.3879492Z   PKG_CONFIG_PATH: /opt/hostedtoolcache/Python/3.11.14/x64/lib/pkgconfig
quality-gate	Lint	2025-12-29T01:41:16.3879889Z   Python_ROOT_DIR: /opt/hostedtoolcache/Python/3.11.14/x64
quality-gate	Lint	2025-12-29T01:41:16.3880244Z   Python2_ROOT_DIR: /opt/hostedtoolcache/Python/3.11.14/x64
quality-gate	Lint	2025-12-29T01:41:16.3880751Z   Python3_ROOT_DIR: /opt/hostedtoolcache/Python/3.11.14/x64
quality-gate	Lint	2025-12-29T01:41:16.3881096Z   LD_LIBRARY_PATH: /opt/hostedtoolcache/Python/3.11.14/x64/lib
quality-gate	Lint	2025-12-29T01:41:16.3881392Z ##[endgroup]
quality-gate	Lint	2025-12-29T01:41:16.4879079Z E402 Module level import not at top of file
quality-gate	Lint	2025-12-29T01:41:16.4879817Z   --> engines/physics_engines/mujoco/python/humanoid_launcher.py:21:1
quality-gate	Lint	2025-12-29T01:41:16.4880421Z    |
quality-gate	Lint	2025-12-29T01:41:16.4880744Z 19 |     sys.path.insert(0, str(SHARED_PATH))
quality-gate	Lint	2025-12-29T01:41:16.4881265Z 20 |
quality-gate	Lint	2025-12-29T01:41:16.4881858Z 21 | from shared.python.configuration_manager import ConfigurationManager, SimulationConfig
quality-gate	Lint	2025-12-29T01:41:16.4882830Z    | ^^^^^^^^^^^^^^^^^^^^^^^^^^^^^^^^^^^^^^^^^^^^^^^^^^^^^^^^^^^^^^^^^^^^^^^^^^^^^^^^^^^^^^
quality-gate	Lint	2025-12-29T01:41:16.4883414Z 22 | from shared.python.process_worker import ProcessWorker
quality-gate	Lint	2025-12-29T01:41:16.4883919Z    |
quality-gate	Lint	2025-12-29T01:41:16.4884069Z 
quality-gate	Lint	2025-12-29T01:41:16.4884455Z F401 [*] `shared.python.configuration_manager.SimulationConfig` imported but unused
quality-gate	Lint	2025-12-29T01:41:16.4885321Z   --> engines/physics_engines/mujoco/python/humanoid_launcher.py:21:71
quality-gate	Lint	2025-12-29T01:41:16.4885879Z    |
quality-gate	Lint	2025-12-29T01:41:16.4886205Z 19 |     sys.path.insert(0, str(SHARED_PATH))
quality-gate	Lint	2025-12-29T01:41:16.4886616Z 20 |
quality-gate	Lint	2025-12-29T01:41:16.4887198Z 21 | from shared.python.configuration_manager import ConfigurationManager, SimulationConfig
quality-gate	Lint	2025-12-29T01:41:16.4887943Z    |                                                                       ^^^^^^^^^^^^^^^^
quality-gate	Lint	2025-12-29T01:41:16.4888504Z 22 | from shared.python.process_worker import ProcessWorker
quality-gate	Lint	2025-12-29T01:41:16.4889006Z    |
quality-gate	Lint	2025-12-29T01:41:16.4889541Z help: Remove unused import: `shared.python.configuration_manager.SimulationConfig`
quality-gate	Lint	2025-12-29T01:41:16.4890086Z 
quality-gate	Lint	2025-12-29T01:41:16.4890254Z E402 Module level import not at top of file
quality-gate	Lint	2025-12-29T01:41:16.4890851Z   --> engines/physics_engines/mujoco/python/humanoid_launcher.py:22:1
quality-gate	Lint	2025-12-29T01:41:16.4891483Z    |
quality-gate	Lint	2025-12-29T01:41:16.4892263Z 21 | from shared.python.configuration_manager import ConfigurationManager, SimulationConfig
quality-gate	Lint	2025-12-29T01:41:16.4893073Z 22 | from shared.python.process_worker import ProcessWorker
quality-gate	Lint	2025-12-29T01:41:16.4893598Z    | ^^^^^^^^^^^^^^^^^^^^^^^^^^^^^^^^^^^^^^^^^^^^^^^^^^^^^^
quality-gate	Lint	2025-12-29T01:41:16.4893912Z 23 |
quality-gate	Lint	2025-12-29T01:41:16.4894074Z 24 | try:
quality-gate	Lint	2025-12-29T01:41:16.4894239Z    |
quality-gate	Lint	2025-12-29T01:41:16.4894327Z 
quality-gate	Lint	2025-12-29T01:41:16.4894431Z E402 Module level import not at top of file
quality-gate	Lint	2025-12-29T01:41:16.4894799Z   --> engines/physics_engines/mujoco/python/humanoid_launcher.py:30:1
quality-gate	Lint	2025-12-29T01:41:16.4895113Z    |
quality-gate	Lint	2025-12-29T01:41:16.4895278Z 28 | except ImportError:
quality-gate	Lint	2025-12-29T01:41:16.4895494Z 29 |     HAS_MATPLOTLIB = False
quality-gate	Lint	2025-12-29T01:41:16.4895715Z 30 | import csv
quality-gate	Lint	2025-12-29T01:41:16.4895896Z    | ^^^^^^^^^^
quality-gate	Lint	2025-12-29T01:41:16.4896062Z 31 |
quality-gate	Lint	2025-12-29T01:41:16.4896253Z 32 | from PyQt6.QtCore import (
quality-gate	Lint	2025-12-29T01:41:16.4896477Z    |
quality-gate	Lint	2025-12-29T01:41:16.4896566Z 
quality-gate	Lint	2025-12-29T01:41:16.4896675Z E402 Module level import not at top of file
quality-gate	Lint	2025-12-29T01:41:16.4897031Z   --> engines/physics_engines/mujoco/python/humanoid_launcher.py:32:1
quality-gate	Lint	2025-12-29T01:41:16.4897349Z    |
quality-gate	Lint	2025-12-29T01:41:16.4897499Z 30 |   import csv
quality-gate	Lint	2025-12-29T01:41:16.4897673Z 31 |
quality-gate	Lint	2025-12-29T01:41:16.4897839Z 32 | / from PyQt6.QtCore import (
quality-gate	Lint	2025-12-29T01:41:16.4898061Z 33 | |     Qt,
quality-gate	Lint	2025-12-29T01:41:16.4898221Z 34 | | )
quality-gate	Lint	2025-12-29T01:41:16.4898375Z    | |_^
quality-gate	Lint	2025-12-29T01:41:16.4898548Z 35 |   from PyQt6.QtGui import (
quality-gate	Lint	2025-12-29T01:41:16.4899018Z 36 |       QColor,
quality-gate	Lint	2025-12-29T01:41:16.4899196Z    |
quality-gate	Lint	2025-12-29T01:41:16.4899283Z 
quality-gate	Lint	2025-12-29T01:41:16.4899502Z E402 Module level import not at top of file
quality-gate	Lint	2025-12-29T01:41:16.4899853Z   --> engines/physics_engines/mujoco/python/humanoid_launcher.py:35:1
quality-gate	Lint	2025-12-29T01:41:16.4900165Z    |
quality-gate	Lint	2025-12-29T01:41:16.4900319Z 33 |       Qt,
quality-gate	Lint	2025-12-29T01:41:16.4900479Z 34 |   )
quality-gate	Lint	2025-12-29T01:41:16.4900651Z 35 | / from PyQt6.QtGui import (
quality-gate	Lint	2025-12-29T01:41:16.4900864Z 36 | |     QColor,
quality-gate	Lint	2025-12-29T01:41:16.4901177Z 37 | |     QPalette,
quality-gate	Lint	2025-12-29T01:41:16.4901355Z 38 | | )
quality-gate	Lint	2025-12-29T01:41:16.4901502Z    | |_^
quality-gate	Lint	2025-12-29T01:41:16.4901678Z 39 |   from PyQt6.QtWidgets import (
quality-gate	Lint	2025-12-29T01:41:16.4901915Z 40 |       QApplication,
quality-gate	Lint	2025-12-29T01:41:16.4902333Z    |
quality-gate	Lint	2025-12-29T01:41:16.4902441Z 
quality-gate	Lint	2025-12-29T01:41:16.4902547Z E402 Module level import not at top of file
quality-gate	Lint	2025-12-29T01:41:16.4902900Z   --> engines/physics_engines/mujoco/python/humanoid_launcher.py:39:1
quality-gate	Lint	2025-12-29T01:41:16.4903223Z    |
quality-gate	Lint	2025-12-29T01:41:16.4903382Z 37 |       QPalette,
quality-gate	Lint	2025-12-29T01:41:16.4903561Z 38 |   )
quality-gate	Lint	2025-12-29T01:41:16.4903733Z 39 | / from PyQt6.QtWidgets import (
quality-gate	Lint	2025-12-29T01:41:16.4903975Z 40 | |     QApplication,
quality-gate	Lint	2025-12-29T01:41:16.4904167Z 41 | |     QCheckBox,
quality-gate	Lint	2025-12-29T01:41:16.4904355Z 42 | |     QColorDialog,
quality-gate	Lint	2025-12-29T01:41:16.4904538Z 43 | |     QComboBox,
quality-gate	Lint	2025-12-29T01:41:16.4904714Z 44 | |     QDialog,
quality-gate	Lint	2025-12-29T01:41:16.4904894Z 45 | |     QDoubleSpinBox,
quality-gate	Lint	2025-12-29T01:41:16.4905096Z 46 | |     QFileDialog,
quality-gate	Lint	2025-12-29T01:41:16.4905288Z 47 | |     QGridLayout,
quality-gate	Lint	2025-12-29T01:41:16.4905473Z 48 | |     QGroupBox,
quality-gate	Lint	2025-12-29T01:41:16.4905653Z 49 | |     QHBoxLayout,
quality-gate	Lint	2025-12-29T01:41:16.4905835Z 50 | |     QInputDialog,
quality-gate	Lint	2025-12-29T01:41:16.4906020Z 51 | |     QLabel,
quality-gate	Lint	2025-12-29T01:41:16.4906190Z 52 | |     QLineEdit,
quality-gate	Lint	2025-12-29T01:41:16.4906370Z 53 | |     QMainWindow,
quality-gate	Lint	2025-12-29T01:41:16.4906549Z 54 | |     QMessageBox,
quality-gate	Lint	2025-12-29T01:41:16.4906735Z 55 | |     QPushButton,
quality-gate	Lint	2025-12-29T01:41:16.4906918Z 56 | |     QSlider,
quality-gate	Lint	2025-12-29T01:41:16.4907102Z 57 | |     QTabWidget,
quality-gate	Lint	2025-12-29T01:41:16.4907284Z 58 | |     QTextEdit,
quality-gate	Lint	2025-12-29T01:41:16.4907464Z 59 | |     QVBoxLayout,
quality-gate	Lint	2025-12-29T01:41:16.4907642Z 60 | |     QWidget,
quality-gate	Lint	2025-12-29T01:41:16.4907802Z 61 | | )
quality-gate	Lint	2025-12-29T01:41:16.4907957Z    | |_^
quality-gate	Lint	2025-12-29T01:41:16.4908100Z 62 |
quality-gate	Lint	2025-12-29T01:41:16.4908381Z 63 |   # Polynomial generator widget imported lazily to avoid MuJoCo DLL issues
quality-gate	Lint	2025-12-29T01:41:16.4908840Z    |
quality-gate	Lint	2025-12-29T01:41:16.4909163Z 
quality-gate	Lint	2025-12-29T01:41:16.4909328Z W293 [*] Blank line contains whitespace
quality-gate	Lint	2025-12-29T01:41:16.4909915Z    --> engines/physics_engines/mujoco/python/humanoid_launcher.py:121:1
quality-gate	Lint	2025-12-29T01:41:16.4910467Z     |
quality-gate	Lint	2025-12-29T01:41:16.4910776Z 119 |         self.config_manager = ConfigurationManager(self.config_path)
quality-gate	Lint	2025-12-29T01:41:16.4911135Z 120 |         self.config = self.config_manager.load()
quality-gate	Lint	2025-12-29T01:41:16.4911397Z 121 |         
quality-gate	Lint	2025-12-29T01:41:16.4911562Z     | ^^^^^^^^
quality-gate	Lint	2025-12-29T01:41:16.4911753Z 122 |         self.simulation_thread = None
quality-gate	Lint	2025-12-29T01:41:16.4911987Z     |
quality-gate	Lint	2025-12-29T01:41:16.4912372Z help: Remove whitespace from blank line
quality-gate	Lint	2025-12-29T01:41:16.4912555Z 
quality-gate	Lint	2025-12-29T01:41:16.4912648Z W293 [*] Blank line contains whitespace
quality-gate	Lint	2025-12-29T01:41:16.4912982Z    --> engines/physics_engines/mujoco/python/humanoid_launcher.py:651:1
quality-gate	Lint	2025-12-29T01:41:16.4913307Z     |
quality-gate	Lint	2025-12-29T01:41:16.4913550Z 649 |             self.config.club_length = self.slider_length.value() / 100.0
quality-gate	Lint	2025-12-29T01:41:16.4913934Z 650 |             self.config.club_mass = self.slider_mass.value() / 100.0
quality-gate	Lint	2025-12-29T01:41:16.4914225Z 651 |             
quality-gate	Lint	2025-12-29T01:41:16.4914395Z     | ^^^^^^^^^^^^
quality-gate	Lint	2025-12-29T01:41:16.4914566Z 652 |             # Features
quality-gate	Lint	2025-12-29T01:41:16.4914843Z 653 |             self.config.two_handed = self.chk_two_hand.isChecked()
quality-gate	Lint	2025-12-29T01:41:16.4915133Z     |
quality-gate	Lint	2025-12-29T01:41:16.4915311Z help: Remove whitespace from blank line
quality-gate	Lint	2025-12-29T01:41:16.4915478Z 
quality-gate	Lint	2025-12-29T01:41:16.4915571Z W293 [*] Blank line contains whitespace
quality-gate	Lint	2025-12-29T01:41:16.4916060Z    --> engines/physics_engines/mujoco/python/humanoid_launcher.py:656:1
quality-gate	Lint	2025-12-29T01:41:16.4916382Z     |
quality-gate	Lint	2025-12-29T01:41:16.4916604Z 654 |             self.config.enhance_face = self.chk_face.isChecked()
quality-gate	Lint	2025-12-29T01:41:16.4917005Z 655 |             self.config.articulated_fingers = self.chk_fingers.isChecked()
quality-gate	Lint	2025-12-29T01:41:16.4917321Z 656 |             
quality-gate	Lint	2025-12-29T01:41:16.4917490Z     | ^^^^^^^^^^^^
quality-gate	Lint	2025-12-29T01:41:16.4917660Z 657 |             # Paths
quality-gate	Lint	2025-12-29T01:41:16.4918041Z 658 |             self.config.save_state_path = self.txt_save_path.text()
quality-gate	Lint	2025-12-29T01:41:16.4918336Z     |
quality-gate	Lint	2025-12-29T01:41:16.4918515Z help: Remove whitespace from blank line
quality-gate	Lint	2025-12-29T01:41:16.4918685Z 
quality-gate	Lint	2025-12-29T01:41:16.4918780Z W293 [*] Blank line contains whitespace
quality-gate	Lint	2025-12-29T01:41:16.4919105Z    --> engines/physics_engines/mujoco/python/humanoid_launcher.py:660:1
quality-gate	Lint	2025-12-29T01:41:16.4919438Z     |
quality-gate	Lint	2025-12-29T01:41:16.4919667Z 658 |             self.config.save_state_path = self.txt_save_path.text()
quality-gate	Lint	2025-12-29T01:41:16.4920041Z 659 |             self.config.load_state_path = self.txt_load_path.text()
quality-gate	Lint	2025-12-29T01:41:16.4920330Z 660 |             
quality-gate	Lint	2025-12-29T01:41:16.4920496Z     | ^^^^^^^^^^^^
quality-gate	Lint	2025-12-29T01:41:16.4920672Z 661 |             # Live View
quality-gate	Lint	2025-12-29T01:41:16.4920951Z 662 |             self.config.live_view = self.chk_live.isChecked()
quality-gate	Lint	2025-12-29T01:41:16.4921240Z     |
quality-gate	Lint	2025-12-29T01:41:16.4921415Z help: Remove whitespace from blank line
quality-gate	Lint	2025-12-29T01:41:16.4921595Z 
quality-gate	Lint	2025-12-29T01:41:16.4921710Z W293 [*] Blank line contains whitespace
quality-gate	Lint	2025-12-29T01:41:16.4922033Z    --> engines/physics_engines/mujoco/python/humanoid_launcher.py:663:1
quality-gate	Lint	2025-12-29T01:41:16.4922543Z     |
quality-gate	Lint	2025-12-29T01:41:16.4922705Z 661 |             # Live View
quality-gate	Lint	2025-12-29T01:41:16.4922965Z 662 |             self.config.live_view = self.chk_live.isChecked()
quality-gate	Lint	2025-12-29T01:41:16.4923244Z 663 |             
quality-gate	Lint	2025-12-29T01:41:16.4923408Z     | ^^^^^^^^^^^^
quality-gate	Lint	2025-12-29T01:41:16.4923587Z 664 |             # Control Mode
quality-gate	Lint	2025-12-29T01:41:16.4923842Z 665 |             text = self.combo_control.currentText()
quality-gate	Lint	2025-12-29T01:41:16.4924119Z     |
quality-gate	Lint	2025-12-29T01:41:16.4924340Z help: Remove whitespace from blank line
quality-gate	Lint	2025-12-29T01:41:16.4924530Z 
quality-gate	Lint	2025-12-29T01:41:16.4924618Z W293 [*] Blank line contains whitespace
quality-gate	Lint	2025-12-29T01:41:16.4924951Z    --> engines/physics_engines/mujoco/python/humanoid_launcher.py:672:1
quality-gate	Lint	2025-12-29T01:41:16.4925293Z     |
quality-gate	Lint	2025-12-29T01:41:16.4925480Z 670 |             elif "Polynomial" in text:
quality-gate	Lint	2025-12-29T01:41:16.4925770Z 671 |                 self.config.control_mode = "poly"
quality-gate	Lint	2025-12-29T01:41:16.4926035Z 672 |             
quality-gate	Lint	2025-12-29T01:41:16.4926205Z     | ^^^^^^^^^^^^
quality-gate	Lint	2025-12-29T01:41:16.4926415Z 673 |             self.config_manager.save(self.config)
quality-gate	Lint	2025-12-29T01:41:16.4926726Z 674 |             self.log(f"Config saved to {self.config_path}")
quality-gate	Lint	2025-12-29T01:41:16.4927007Z     |
quality-gate	Lint	2025-12-29T01:41:16.4927185Z help: Remove whitespace from blank line
quality-gate	Lint	2025-12-29T01:41:16.4927367Z 
quality-gate	Lint	2025-12-29T01:41:16.4927459Z W293 Blank line contains whitespace
quality-gate	Lint	2025-12-29T01:41:16.4927843Z   --> engines/physics_engines/mujoco/python/mujoco_humanoid_golf/physics_engine.py:17:1
quality-gate	Lint	2025-12-29T01:41:16.4928219Z    |
quality-gate	Lint	2025-12-29T01:41:16.4928415Z 15 | class MuJoCoPhysicsEngine(PhysicsEngine):
quality-gate	Lint	2025-12-29T01:41:16.4928746Z 16 |     """Encapsulates MuJoCo model, data, and simulation control.
quality-gate	Lint	2025-12-29T01:41:16.4929040Z 17 |     
quality-gate	Lint	2025-12-29T01:41:16.4929192Z    | ^^^^
quality-gate	Lint	2025-12-29T01:41:16.4929399Z 18 |     Implements the shared PhysicsEngine protocol.
quality-gate	Lint	2025-12-29T01:41:16.4929669Z 19 |     """
quality-gate	Lint	2025-12-29T01:41:16.4929825Z    |
quality-gate	Lint	2025-12-29T01:41:16.4930004Z help: Remove whitespace from blank line
quality-gate	Lint	2025-12-29T01:41:16.4930173Z 
quality-gate	Lint	2025-12-29T01:41:16.4930252Z E501 Line too long (91 > 88)
quality-gate	Lint	2025-12-29T01:41:16.4930622Z   --> engines/physics_engines/mujoco/python/mujoco_humanoid_golf/physics_engine.py:35:89
quality-gate	Lint	2025-12-29T01:41:16.4930997Z    |
quality-gate	Lint	2025-12-29T01:41:16.4931173Z 33 |         # Or return the filename stem
quality-gate	Lint	2025-12-29T01:41:16.4931420Z 34 |         if self.model.names:
quality-gate	Lint	2025-12-29T01:41:16.4931902Z 35 |              # Just a placeholder, simpler to return "MuJoCo Model" or handle appropriately
quality-gate	Lint	2025-12-29T01:41:16.4932608Z    |                                                                                         ^^^
quality-gate	Lint	2025-12-29T01:41:16.4932891Z 36 |              pass
quality-gate	Lint	2025-12-29T01:41:16.4933098Z 37 |         return "MuJoCo Model"
quality-gate	Lint	2025-12-29T01:41:16.4933308Z    |
quality-gate	Lint	2025-12-29T01:41:16.4933401Z 
quality-gate	Lint	2025-12-29T01:41:16.4933490Z W293 [*] Blank line contains whitespace
quality-gate	Lint	2025-12-29T01:41:16.4934022Z    --> engines/physics_engines/mujoco/python/mujoco_humanoid_golf/physics_engine.py:99:1
quality-gate	Lint	2025-12-29T01:41:16.4934403Z     |
quality-gate	Lint	2025-12-29T01:41:16.4934613Z  97 |             mujoco.mj_resetData(self.model, self.data)
quality-gate	Lint	2025-12-29T01:41:16.4934889Z  98 |             self.forward()
quality-gate	Lint	2025-12-29T01:41:16.4935106Z  99 |             
quality-gate	Lint	2025-12-29T01:41:16.4935275Z     | ^^^^^^^^^^^^
quality-gate	Lint	2025-12-29T01:41:16.4935513Z 100 |     def get_state(self) -> tuple[np.ndarray, np.ndarray]:
quality-gate	Lint	2025-12-29T01:41:16.4935858Z 101 |         """Get the current state (positions, velocities)."""
quality-gate	Lint	2025-12-29T01:41:16.4936138Z     |
quality-gate	Lint	2025-12-29T01:41:16.4936312Z help: Remove whitespace from blank line
quality-gate	Lint	2025-12-29T01:41:16.4936485Z 
quality-gate	Lint	2025-12-29T01:41:16.4936572Z W293 [*] Blank line contains whitespace
quality-gate	Lint	2025-12-29T01:41:16.4936964Z    --> engines/physics_engines/mujoco/python/mujoco_humanoid_golf/physics_engine.py:128:1
quality-gate	Lint	2025-12-29T01:41:16.4937344Z     |
quality-gate	Lint	2025-12-29T01:41:16.4937518Z 126 |                     self.model.nu,
quality-gate	Lint	2025-12-29T01:41:16.4937747Z 127 |                 )
quality-gate	Lint	2025-12-29T01:41:16.4937937Z 128 |                 
quality-gate	Lint	2025-12-29T01:41:16.4938115Z     | ^^^^^^^^^^^^^^^^
quality-gate	Lint	2025-12-29T01:41:16.4938318Z 129 |     def get_time(self) -> float:
quality-gate	Lint	2025-12-29T01:41:16.4938576Z 130 |         """Get the current simulation time."""
quality-gate	Lint	2025-12-29T01:41:16.4938827Z     |
quality-gate	Lint	2025-12-29T01:41:16.4939003Z help: Remove whitespace from blank line
quality-gate	Lint	2025-12-29T01:41:16.4939176Z 
quality-gate	Lint	2025-12-29T01:41:16.4939284Z I001 [*] Import block is un-sorted or un-formatted
quality-gate	Lint	2025-12-29T01:41:16.4939693Z   --> engines/physics_engines/mujoco/python/mujoco_humanoid_golf/sim_widget.py:3:1
quality-gate	Lint	2025-12-29T01:41:16.4940054Z    |
quality-gate	Lint	2025-12-29T01:41:16.4940297Z  1 |   """Qt widget encapsulating a MuJoCo simulation and renderer."""
quality-gate	Lint	2025-12-29T01:41:16.4940597Z  2 |
quality-gate	Lint	2025-12-29T01:41:16.4940775Z  3 | / from __future__ import annotations
quality-gate	Lint	2025-12-29T01:41:16.4941007Z  4 | |
quality-gate	Lint	2025-12-29T01:41:16.4941172Z  5 | | import logging
quality-gate	Lint	2025-12-29T01:41:16.4941365Z  6 | | import os
quality-gate	Lint	2025-12-29T01:41:16.4941569Z  7 | | from collections.abc import Callable
quality-gate	Lint	2025-12-29T01:41:16.4941828Z  8 | | from pathlib import Path
quality-gate	Lint	2025-12-29T01:41:16.4942052Z  9 | | from typing import Any, Final
quality-gate	Lint	2025-12-29T01:41:16.4942462Z 10 | |
quality-gate	Lint	2025-12-29T01:41:16.4942624Z 11 | | import mujoco
quality-gate	Lint	2025-12-29T01:41:16.4942818Z 12 | | import numpy as np
quality-gate	Lint	2025-12-29T01:41:16.4943006Z 13 | |
quality-gate	Lint	2025-12-29T01:41:16.4943170Z 14 | | # ... imports ...
quality-gate	Lint	2025-12-29T01:41:16.4943388Z 15 | | from PyQt6 import QtCore, QtGui, QtWidgets
quality-gate	Lint	2025-12-29T01:41:16.4943642Z 16 | |
quality-gate	Lint	2025-12-29T01:41:16.4943814Z 17 | | # Removed unused scipy import
quality-gate	Lint	2025-12-29T01:41:16.4944123Z 18 | | from .biomechanics import BiomechanicalAnalyzer, SwingRecorder
quality-gate	Lint	2025-12-29T01:41:16.4944504Z 19 | | from .control_system import ControlSystem, ControlType
quality-gate	Lint	2025-12-29T01:41:16.4944872Z 20 | | from .interactive_manipulation import InteractiveManipulator
quality-gate	Lint	2025-12-29T01:41:16.4945233Z 21 | | from .meshcat_adapter import MuJoCoMeshcatAdapter
quality-gate	Lint	2025-12-29T01:41:16.4945534Z 22 | | from .telemetry import TelemetryRecorder
quality-gate	Lint	2025-12-29T01:41:16.4945837Z 23 | | from .physics_engine import MuJoCoPhysicsEngine
quality-gate	Lint	2025-12-29T01:41:16.4946116Z    | |_______________________________________________^
quality-gate	Lint	2025-12-29T01:41:16.4946354Z 24 |
quality-gate	Lint	2025-12-29T01:41:16.4946531Z 25 |   # Lazy loading globals for OpenCV
quality-gate	Lint	2025-12-29T01:41:16.4946757Z    |
quality-gate	Lint	2025-12-29T01:41:16.4946928Z help: Organize imports
quality-gate	Lint	2025-12-29T01:41:16.4947046Z 
quality-gate	Lint	2025-12-29T01:41:16.4947134Z W293 [*] Blank line contains whitespace
quality-gate	Lint	2025-12-29T01:41:16.4947513Z    --> engines/physics_engines/mujoco/python/mujoco_humanoid_golf/sim_widget.py:196:1
quality-gate	Lint	2025-12-29T01:41:16.4948011Z     |
quality-gate	Lint	2025-12-29T01:41:16.4948215Z 194 |     def model(self) -> mujoco.MjModel | None:
quality-gate	Lint	2025-12-29T01:41:16.4948490Z 195 |         return self.engine.model
quality-gate	Lint	2025-12-29T01:41:16.4948720Z 196 |     
quality-gate	Lint	2025-12-29T01:41:16.4948881Z     | ^^^^
quality-gate	Lint	2025-12-29T01:41:16.4949041Z 197 |     @model.setter
quality-gate	Lint	2025-12-29T01:41:16.4949301Z 198 |     def model(self, value: mujoco.MjModel | None) -> None:
quality-gate	Lint	2025-12-29T01:41:16.4949694Z     |
quality-gate	Lint	2025-12-29T01:41:16.4949876Z help: Remove whitespace from blank line
quality-gate	Lint	2025-12-29T01:41:16.4950047Z 
quality-gate	Lint	2025-12-29T01:41:16.4950134Z W293 [*] Blank line contains whitespace
quality-gate	Lint	2025-12-29T01:41:16.4950514Z    --> engines/physics_engines/mujoco/python/mujoco_humanoid_golf/sim_widget.py:204:1
quality-gate	Lint	2025-12-29T01:41:16.4950880Z     |
quality-gate	Lint	2025-12-29T01:41:16.4951074Z 202 |     def data(self) -> mujoco.MjData | None:
quality-gate	Lint	2025-12-29T01:41:16.4951343Z 203 |         return self.engine.data
quality-gate	Lint	2025-12-29T01:41:16.4951563Z 204 |     
quality-gate	Lint	2025-12-29T01:41:16.4951729Z     | ^^^^
quality-gate	Lint	2025-12-29T01:41:16.4951887Z 205 |     @data.setter
quality-gate	Lint	2025-12-29T01:41:16.4952297Z 206 |     def data(self, value: mujoco.MjData | None) -> None:
quality-gate	Lint	2025-12-29T01:41:16.4952611Z     |
quality-gate	Lint	2025-12-29T01:41:16.4952795Z help: Remove whitespace from blank line
quality-gate	Lint	2025-12-29T01:41:16.4952965Z 
quality-gate	Lint	2025-12-29T01:41:16.4953060Z F401 [*] `typing.Any` imported but unused
quality-gate	Lint	2025-12-29T01:41:16.4953348Z   --> shared/python/configuration_manager.py:9:20
quality-gate	Lint	2025-12-29T01:41:16.4953603Z    |
quality-gate	Lint	2025-12-29T01:41:16.4953806Z  7 | from dataclasses import asdict, dataclass, field
quality-gate	Lint	2025-12-29T01:41:16.4954092Z  8 | from pathlib import Path
quality-gate	Lint	2025-12-29T01:41:16.4954310Z  9 | from typing import Any
quality-gate	Lint	2025-12-29T01:41:16.4954519Z    |                    ^^^
quality-gate	Lint	2025-12-29T01:41:16.4954701Z 10 |
quality-gate	Lint	2025-12-29T01:41:16.4954930Z 11 | from shared.python.common_utils import GolfModelingError
quality-gate	Lint	2025-12-29T01:41:16.4955215Z    |
quality-gate	Lint	2025-12-29T01:41:16.4955394Z help: Remove unused import: `typing.Any`
quality-gate	Lint	2025-12-29T01:41:16.4955573Z 
quality-gate	Lint	2025-12-29T01:41:16.4955667Z W293 [*] Blank line contains whitespace
quality-gate	Lint	2025-12-29T01:41:16.4955933Z   --> shared/python/configuration_manager.py:39:1
quality-gate	Lint	2025-12-29T01:41:16.4956190Z    |
quality-gate	Lint	2025-12-29T01:41:16.4956368Z 37 |     save_state_path: str = ""
quality-gate	Lint	2025-12-29T01:41:16.4956604Z 38 |     load_state_path: str = ""
quality-gate	Lint	2025-12-29T01:41:16.4956809Z 39 |     
quality-gate	Lint	2025-12-29T01:41:16.4956962Z    | ^^^^
quality-gate	Lint	2025-12-29T01:41:16.4957128Z 40 |     # Polynomial Control
quality-gate	Lint	2025-12-29T01:41:16.4957479Z 41 |     polynomial_coefficients: dict[str, list[float]] = field(default_factory=dict)
quality-gate	Lint	2025-12-29T01:41:16.4957838Z    |
quality-gate	Lint	2025-12-29T01:41:16.4958009Z help: Remove whitespace from blank line
quality-gate	Lint	2025-12-29T01:41:16.4958179Z 
quality-gate	Lint	2025-12-29T01:41:16.4958272Z UP015 [*] Unnecessary mode argument
quality-gate	Lint	2025-12-29T01:41:16.4958544Z   --> shared/python/configuration_manager.py:88:41
quality-gate	Lint	2025-12-29T01:41:16.4958806Z    |
quality-gate	Lint	2025-12-29T01:41:16.4958955Z 87 |         try:
quality-gate	Lint	2025-12-29T01:41:16.4959169Z 88 |             with open(self.config_path, "r") as f:
quality-gate	Lint	2025-12-29T01:41:16.4959434Z    |                                         ^^^
quality-gate	Lint	2025-12-29T01:41:16.4959681Z 89 |                 data = json.load(f)
quality-gate	Lint	2025-12-29T01:41:16.4959906Z    |
quality-gate	Lint	2025-12-29T01:41:16.4960068Z help: Remove mode argument
quality-gate	Lint	2025-12-29T01:41:16.4960200Z 
quality-gate	Lint	2025-12-29T01:41:16.4960293Z W293 [*] Blank line contains whitespace
quality-gate	Lint	2025-12-29T01:41:16.4960558Z   --> shared/python/configuration_manager.py:90:1
quality-gate	Lint	2025-12-29T01:41:16.4960809Z    |
quality-gate	Lint	2025-12-29T01:41:16.4960990Z 88 |             with open(self.config_path, "r") as f:
quality-gate	Lint	2025-12-29T01:41:16.4961257Z 89 |                 data = json.load(f)
quality-gate	Lint	2025-12-29T01:41:16.4961479Z 90 |             
quality-gate	Lint	2025-12-29T01:41:16.4961648Z    | ^^^^^^^^^^^^
quality-gate	Lint	2025-12-29T01:41:16.4961869Z 91 |             # Use dacite or simple dict unpacking with filtering
quality-gate	Lint	2025-12-29T01:41:16.4962419Z 92 |             # For simplicity and robustness, we explicitly map fields or allow extra fields to be ignored
quality-gate	Lint	2025-12-29T01:41:16.4962811Z    |
quality-gate	Lint	2025-12-29T01:41:16.4962987Z help: Remove whitespace from blank line
quality-gate	Lint	2025-12-29T01:41:16.4963294Z 
quality-gate	Lint	2025-12-29T01:41:16.4963382Z W293 [*] Blank line contains whitespace
quality-gate	Lint	2025-12-29T01:41:16.4963641Z   --> shared/python/configuration_manager.py:97:1
quality-gate	Lint	2025-12-29T01:41:16.4963894Z    |
quality-gate	Lint	2025-12-29T01:41:16.4964107Z 95 |             valid_keys = SimulationConfig.__annotations__.keys()
quality-gate	Lint	2025-12-29T01:41:16.4964488Z 96 |             filtered_data = {k: v for k, v in data.items() if k in valid_keys}
quality-gate	Lint	2025-12-29T01:41:16.4964804Z 97 |             
quality-gate	Lint	2025-12-29T01:41:16.4964967Z    | ^^^^^^^^^^^^
quality-gate	Lint	2025-12-29T01:41:16.4965289Z 98 |             config = SimulationConfig(**filtered_data)
quality-gate	Lint	2025-12-29T01:41:16.4965562Z 99 |             config.validate()
quality-gate	Lint	2025-12-29T01:41:16.4965776Z    |
quality-gate	Lint	2025-12-29T01:41:16.4965951Z help: Remove whitespace from blank line
quality-gate	Lint	2025-12-29T01:41:16.4966122Z 
quality-gate	Lint	2025-12-29T01:41:16.4966211Z F401 [*] `abc.ABC` imported but unused
quality-gate	Lint	2025-12-29T01:41:16.4966468Z   --> shared/python/interfaces.py:10:17
quality-gate	Lint	2025-12-29T01:41:16.4966698Z    |
quality-gate	Lint	2025-12-29T01:41:16.4966870Z  8 | from __future__ import annotations
quality-gate	Lint	2025-12-29T01:41:16.4967091Z  9 |
quality-gate	Lint	2025-12-29T01:41:16.4967265Z 10 | from abc import ABC, abstractmethod
quality-gate	Lint	2025-12-29T01:41:16.4967499Z    |                 ^^^
quality-gate	Lint	2025-12-29T01:41:16.4967743Z 11 | from typing import Any, Protocol, runtime_checkable
quality-gate	Lint	2025-12-29T01:41:16.4968006Z    |
quality-gate	Lint	2025-12-29T01:41:16.4968179Z help: Remove unused import: `abc.ABC`
quality-gate	Lint	2025-12-29T01:41:16.4968339Z 
quality-gate	Lint	2025-12-29T01:41:16.4968432Z F401 [*] `typing.Any` imported but unused
quality-gate	Lint	2025-12-29T01:41:16.4968699Z   --> shared/python/interfaces.py:11:20
quality-gate	Lint	2025-12-29T01:41:16.4968932Z    |
quality-gate	Lint	2025-12-29T01:41:16.4969107Z 10 | from abc import ABC, abstractmethod
quality-gate	Lint	2025-12-29T01:41:16.4969396Z 11 | from typing import Any, Protocol, runtime_checkable
quality-gate	Lint	2025-12-29T01:41:16.4969668Z    |                    ^^^
quality-gate	Lint	2025-12-29T01:41:16.4969859Z 12 |
quality-gate	Lint	2025-12-29T01:41:16.4970015Z 13 | import numpy as np
quality-gate	Lint	2025-12-29T01:41:16.4970198Z    |
quality-gate	Lint	2025-12-29T01:41:16.4970369Z help: Remove unused import: `typing.Any`
quality-gate	Lint	2025-12-29T01:41:16.4970543Z 
quality-gate	Lint	2025-12-29T01:41:16.4970635Z W293 Blank line contains whitespace
quality-gate	Lint	2025-12-29T01:41:16.4970891Z   --> shared/python/interfaces.py:19:1
quality-gate	Lint	2025-12-29T01:41:16.4971114Z    |
quality-gate	Lint	2025-12-29T01:41:16.4971287Z 17 | class PhysicsEngine(Protocol):
quality-gate	Lint	2025-12-29T01:41:16.4971678Z 18 |     """Protocol defining the required interface for a Golf Modeling Suite physics engine.
quality-gate	Lint	2025-12-29T01:41:16.4972052Z 19 |     
quality-gate	Lint	2025-12-29T01:41:16.4972348Z    | ^^^^
quality-gate	Lint	2025-12-29T01:41:16.4972680Z 20 |     All implementations must be stateless wrappers around a Model/Data pair (or equivalent),
quality-gate	Lint	2025-12-29T01:41:16.4973119Z 21 |     or manage their own internal state consistently.
quality-gate	Lint	2025-12-29T01:41:16.4973383Z    |
quality-gate	Lint	2025-12-29T01:41:16.4973560Z help: Remove whitespace from blank line
quality-gate	Lint	2025-12-29T01:41:16.4973725Z 
quality-gate	Lint	2025-12-29T01:41:16.4973812Z W293 [*] Blank line contains whitespace
quality-gate	Lint	2025-12-29T01:41:16.4974067Z   --> shared/python/interfaces.py:62:1
quality-gate	Lint	2025-12-29T01:41:16.4974291Z    |
quality-gate	Lint	2025-12-29T01:41:16.4974443Z 60 |         """
quality-gate	Lint	2025-12-29T01:41:16.4974607Z 61 |         ...
quality-gate	Lint	2025-12-29T01:41:16.4974781Z 62 |         
quality-gate	Lint	2025-12-29T01:41:16.4974938Z    | ^^^^^^^^
quality-gate	Lint	2025-12-29T01:41:16.4993283Z 63 |     @abstractmethod
quality-gate	Lint	2025-12-29T01:41:16.4993553Z 64 |     def forward(self) -> None:
quality-gate	Lint	2025-12-29T01:41:16.4993794Z    |
quality-gate	Lint	2025-12-29T01:41:16.4993977Z help: Remove whitespace from blank line
quality-gate	Lint	2025-12-29T01:41:16.4994159Z 
quality-gate	Lint	2025-12-29T01:41:16.4994249Z W293 Blank line contains whitespace
quality-gate	Lint	2025-12-29T01:41:16.4994514Z   --> shared/python/interfaces.py:66:1
quality-gate	Lint	2025-12-29T01:41:16.4994745Z    |
quality-gate	Lint	2025-12-29T01:41:16.4994924Z 64 |     def forward(self) -> None:
quality-gate	Lint	2025-12-29T01:41:16.4995243Z 65 |         """Compute forward kinematics and dynamics without advancing time.
quality-gate	Lint	2025-12-29T01:41:16.4995565Z 66 |         
quality-gate	Lint	2025-12-29T01:41:16.4995728Z    | ^^^^^^^^
quality-gate	Lint	2025-12-29T01:41:16.4996016Z 67 |         Using current positions and velocities, updates all derived quantities
quality-gate	Lint	2025-12-29T01:41:16.4996401Z 68 |         (accelerations, forces, derived kinematics).
quality-gate	Lint	2025-12-29T01:41:16.4996663Z    |
quality-gate	Lint	2025-12-29T01:41:16.4997040Z help: Remove whitespace from blank line
quality-gate	Lint	2025-12-29T01:41:16.4997225Z 
quality-gate	Lint	2025-12-29T01:41:16.4997314Z W293 Blank line contains whitespace
quality-gate	Lint	2025-12-29T01:41:16.4997577Z    --> shared/python/interfaces.py:112:1
quality-gate	Lint	2025-12-29T01:41:16.4997809Z     |
quality-gate	Lint	2025-12-29T01:41:16.4998017Z 110 |     def compute_mass_matrix(self) -> np.ndarray:
quality-gate	Lint	2025-12-29T01:41:16.4998316Z 111 |         """Compute the dense inertia matrix M(q).
quality-gate	Lint	2025-12-29T01:41:16.4998583Z 112 |         
quality-gate	Lint	2025-12-29T01:41:16.4998743Z     | ^^^^^^^^
quality-gate	Lint	2025-12-29T01:41:16.4999024Z 113 |         Returns:
quality-gate	Lint	2025-12-29T01:41:16.4999224Z 114 |             M: (n_v, n_v) mass matrix.
quality-gate	Lint	2025-12-29T01:41:16.4999455Z     |
quality-gate	Lint	2025-12-29T01:41:16.4999634Z help: Remove whitespace from blank line
quality-gate	Lint	2025-12-29T01:41:16.4999806Z 
quality-gate	Lint	2025-12-29T01:41:16.4999893Z W293 Blank line contains whitespace
quality-gate	Lint	2025-12-29T01:41:16.5000144Z    --> shared/python/interfaces.py:121:1
quality-gate	Lint	2025-12-29T01:41:16.5000369Z     |
quality-gate	Lint	2025-12-29T01:41:16.5000565Z 119 |     def compute_bias_forces(self) -> np.ndarray:
quality-gate	Lint	2025-12-29T01:41:16.5000854Z 120 |         """Compute bias forces C(q,v) + g(q).
quality-gate	Lint	2025-12-29T01:41:16.5001094Z 121 |         
quality-gate	Lint	2025-12-29T01:41:16.5001252Z     | ^^^^^^^^
quality-gate	Lint	2025-12-29T01:41:16.5001421Z 122 |         Returns:
quality-gate	Lint	2025-12-29T01:41:16.5001712Z 123 |             b: (n_v,) vector containing Coriolis, Centrifugal, and Gravity terms.
quality-gate	Lint	2025-12-29T01:41:16.5002031Z     |
quality-gate	Lint	2025-12-29T01:41:16.5002340Z help: Remove whitespace from blank line
quality-gate	Lint	2025-12-29T01:41:16.5002511Z 
quality-gate	Lint	2025-12-29T01:41:16.5002598Z W293 [*] Blank line contains whitespace
quality-gate	Lint	2025-12-29T01:41:16.5002856Z    --> shared/python/interfaces.py:126:1
quality-gate	Lint	2025-12-29T01:41:16.5003087Z     |
quality-gate	Lint	2025-12-29T01:41:16.5003243Z 124 |         """
quality-gate	Lint	2025-12-29T01:41:16.5003411Z 125 |         ...
quality-gate	Lint	2025-12-29T01:41:16.5003577Z 126 |         
quality-gate	Lint	2025-12-29T01:41:16.5003740Z     | ^^^^^^^^
quality-gate	Lint	2025-12-29T01:41:16.5003911Z 127 |     @abstractmethod
quality-gate	Lint	2025-12-29T01:41:16.5004159Z 128 |     def compute_gravity_forces(self) -> np.ndarray:
quality-gate	Lint	2025-12-29T01:41:16.5004416Z     |
quality-gate	Lint	2025-12-29T01:41:16.5004598Z help: Remove whitespace from blank line
quality-gate	Lint	2025-12-29T01:41:16.5004761Z 
quality-gate	Lint	2025-12-29T01:41:16.5004845Z W293 Blank line contains whitespace
quality-gate	Lint	2025-12-29T01:41:16.5005092Z    --> shared/python/interfaces.py:130:1
quality-gate	Lint	2025-12-29T01:41:16.5005317Z     |
quality-gate	Lint	2025-12-29T01:41:16.5005523Z 128 |     def compute_gravity_forces(self) -> np.ndarray:
quality-gate	Lint	2025-12-29T01:41:16.5005812Z 129 |         """Compute gravity forces g(q).
quality-gate	Lint	2025-12-29T01:41:16.5006047Z 130 |         
quality-gate	Lint	2025-12-29T01:41:16.5006210Z     | ^^^^^^^^
quality-gate	Lint	2025-12-29T01:41:16.5006377Z 131 |         Returns:
quality-gate	Lint	2025-12-29T01:41:16.5006576Z 132 |             g: (n_v,) gravity vector.
quality-gate	Lint	2025-12-29T01:41:16.5006802Z     |
quality-gate	Lint	2025-12-29T01:41:16.5007013Z help: Remove whitespace from blank line
quality-gate	Lint	2025-12-29T01:41:16.5007185Z 
quality-gate	Lint	2025-12-29T01:41:16.5007270Z W293 Blank line contains whitespace
quality-gate	Lint	2025-12-29T01:41:16.5007516Z    --> shared/python/interfaces.py:139:1
quality-gate	Lint	2025-12-29T01:41:16.5007747Z     |
quality-gate	Lint	2025-12-29T01:41:16.5007999Z 137 |     def compute_inverse_dynamics(self, qacc: np.ndarray) -> np.ndarray:
quality-gate	Lint	2025-12-29T01:41:16.5008376Z 138 |         """Compute inverse dynamics tau = ID(q, v, a).
quality-gate	Lint	2025-12-29T01:41:16.5008633Z 139 |         
quality-gate	Lint	2025-12-29T01:41:16.5008796Z     | ^^^^^^^^
quality-gate	Lint	2025-12-29T01:41:16.5008952Z 140 |         Args:
quality-gate	Lint	2025-12-29T01:41:16.5009171Z 141 |             qacc: Desired acceleration vector (n_v,).
quality-gate	Lint	2025-12-29T01:41:16.5009419Z     |
quality-gate	Lint	2025-12-29T01:41:16.5009600Z help: Remove whitespace from blank line
quality-gate	Lint	2025-12-29T01:41:16.5009763Z 
quality-gate	Lint	2025-12-29T01:41:16.5009853Z W293 Blank line contains whitespace
quality-gate	Lint	2025-12-29T01:41:16.5010093Z    --> shared/python/interfaces.py:142:1
quality-gate	Lint	2025-12-29T01:41:16.5010324Z     |
quality-gate	Lint	2025-12-29T01:41:16.5010471Z 140 |         Args:
quality-gate	Lint	2025-12-29T01:41:16.5010682Z 141 |             qacc: Desired acceleration vector (n_v,).
quality-gate	Lint	2025-12-29T01:41:16.5010931Z 142 |             
quality-gate	Lint	2025-12-29T01:41:16.5011103Z     | ^^^^^^^^^^^^
quality-gate	Lint	2025-12-29T01:41:16.5011268Z 143 |         Returns:
quality-gate	Lint	2025-12-29T01:41:16.5011488Z 144 |             tau: Required generalized forces (n_v,).
quality-gate	Lint	2025-12-29T01:41:16.5011868Z     |
quality-gate	Lint	2025-12-29T01:41:16.5012049Z help: Remove whitespace from blank line
quality-gate	Lint	2025-12-29T01:41:16.5012405Z 
quality-gate	Lint	2025-12-29T01:41:16.5012505Z W293 [*] Blank line contains whitespace
quality-gate	Lint	2025-12-29T01:41:16.5012758Z    --> shared/python/interfaces.py:147:1
quality-gate	Lint	2025-12-29T01:41:16.5012991Z     |
quality-gate	Lint	2025-12-29T01:41:16.5013133Z 145 |         """
quality-gate	Lint	2025-12-29T01:41:16.5013303Z 146 |         ...
quality-gate	Lint	2025-12-29T01:41:16.5013467Z 147 |         
quality-gate	Lint	2025-12-29T01:41:16.5013632Z     | ^^^^^^^^
quality-gate	Lint	2025-12-29T01:41:16.5013801Z 148 |     @abstractmethod
quality-gate	Lint	2025-12-29T01:41:16.5014249Z 149 |     def compute_jacobian(self, body_name: str) -> dict[str, np.ndarray] | None:
quality-gate	Lint	2025-12-29T01:41:16.5014587Z     |
quality-gate	Lint	2025-12-29T01:41:16.5014759Z help: Remove whitespace from blank line
quality-gate	Lint	2025-12-29T01:41:16.5014923Z 
quality-gate	Lint	2025-12-29T01:41:16.5015016Z W293 Blank line contains whitespace
quality-gate	Lint	2025-12-29T01:41:16.5015258Z    --> shared/python/interfaces.py:151:1
quality-gate	Lint	2025-12-29T01:41:16.5015487Z     |
quality-gate	Lint	2025-12-29T01:41:16.5015751Z 149 |     def compute_jacobian(self, body_name: str) -> dict[str, np.ndarray] | None:
quality-gate	Lint	2025-12-29T01:41:16.5016150Z 150 |         """Compute spatial Jacobian for a specific body.
quality-gate	Lint	2025-12-29T01:41:16.5016414Z 151 |         
quality-gate	Lint	2025-12-29T01:41:16.5016580Z     | ^^^^^^^^
quality-gate	Lint	2025-12-29T01:41:16.5016746Z 152 |         Args:
quality-gate	Lint	2025-12-29T01:41:16.5016946Z 153 |             body_name: Name of the body frame.
quality-gate	Lint	2025-12-29T01:41:16.5017192Z     |
quality-gate	Lint	2025-12-29T01:41:16.5017368Z help: Remove whitespace from blank line
quality-gate	Lint	2025-12-29T01:41:16.5017539Z 
quality-gate	Lint	2025-12-29T01:41:16.5017624Z W293 Blank line contains whitespace
quality-gate	Lint	2025-12-29T01:41:16.5017867Z    --> shared/python/interfaces.py:154:1
quality-gate	Lint	2025-12-29T01:41:16.5018098Z     |
quality-gate	Lint	2025-12-29T01:41:16.5018243Z 152 |         Args:
quality-gate	Lint	2025-12-29T01:41:16.5018446Z 153 |             body_name: Name of the body frame.
quality-gate	Lint	2025-12-29T01:41:16.5018691Z 154 |             
quality-gate	Lint	2025-12-29T01:41:16.5018856Z     | ^^^^^^^^^^^^
quality-gate	Lint	2025-12-29T01:41:16.5019029Z 155 |         Returns:
quality-gate	Lint	2025-12-29T01:41:16.5019346Z 156 |             Dictionary with keys 'linear', 'angular', 'spatial', or None if body not found.
quality-gate	Lint	2025-12-29T01:41:16.5019705Z     |
quality-gate	Lint	2025-12-29T01:41:16.5019887Z help: Remove whitespace from blank line
quality-gate	Lint	2025-12-29T01:41:16.5020062Z 
quality-gate	Lint	2025-12-29T01:41:16.5020167Z I001 [*] Import block is un-sorted or un-formatted
quality-gate	Lint	2025-12-29T01:41:16.5020453Z   --> shared/python/process_worker.py:7:1
quality-gate	Lint	2025-12-29T01:41:16.5020699Z    |
quality-gate	Lint	2025-12-29T01:41:16.5020857Z  5 |   """
quality-gate	Lint	2025-12-29T01:41:16.5021008Z  6 |
quality-gate	Lint	2025-12-29T01:41:16.5021173Z  7 | / import subprocess
quality-gate	Lint	2025-12-29T01:41:16.5021371Z  8 | | import threading
quality-gate	Lint	2025-12-29T01:41:16.5021602Z  9 | | from typing import Optional, List, Callable
quality-gate	Lint	2025-12-29T01:41:16.5021865Z    | |___________________________________________^
quality-gate	Lint	2025-12-29T01:41:16.5022097Z 10 |
quality-gate	Lint	2025-12-29T01:41:16.5022356Z 11 |   try:
quality-gate	Lint	2025-12-29T01:41:16.5022512Z    |
quality-gate	Lint	2025-12-29T01:41:16.5022673Z help: Organize imports
quality-gate	Lint	2025-12-29T01:41:16.5022829Z 
quality-gate	Lint	2025-12-29T01:41:16.5022969Z UP035 [*] Import from `collections.abc` instead: `Callable`
quality-gate	Lint	2025-12-29T01:41:16.5023283Z   --> shared/python/process_worker.py:9:1
quality-gate	Lint	2025-12-29T01:41:16.5023523Z    |
quality-gate	Lint	2025-12-29T01:41:16.5023688Z  7 | import subprocess
quality-gate	Lint	2025-12-29T01:41:16.5023876Z  8 | import threading
quality-gate	Lint	2025-12-29T01:41:16.5024098Z  9 | from typing import Optional, List, Callable
quality-gate	Lint	2025-12-29T01:41:16.5024357Z    | ^^^^^^^^^^^^^^^^^^^^^^^^^^^^^^^^^^^^^^^^^^^
quality-gate	Lint	2025-12-29T01:41:16.5024581Z 10 |
quality-gate	Lint	2025-12-29T01:41:16.5024726Z 11 | try:
quality-gate	Lint	2025-12-29T01:41:16.5024890Z    |
quality-gate	Lint	2025-12-29T01:41:16.5025060Z help: Import from `collections.abc`
quality-gate	Lint	2025-12-29T01:41:16.5025226Z 
quality-gate	Lint	2025-12-29T01:41:16.5025352Z UP035 `typing.List` is deprecated, use `list` instead
quality-gate	Lint	2025-12-29T01:41:16.5025650Z   --> shared/python/process_worker.py:9:1
quality-gate	Lint	2025-12-29T01:41:16.5025882Z    |
quality-gate	Lint	2025-12-29T01:41:16.5026043Z  7 | import subprocess
quality-gate	Lint	2025-12-29T01:41:16.5026228Z  8 | import threading
quality-gate	Lint	2025-12-29T01:41:16.5026443Z  9 | from typing import Optional, List, Callable
quality-gate	Lint	2025-12-29T01:41:16.5026694Z    | ^^^^^^^^^^^^^^^^^^^^^^^^^^^^^^^^^^^^^^^^^^^
quality-gate	Lint	2025-12-29T01:41:16.5026914Z 10 |
quality-gate	Lint	2025-12-29T01:41:16.5027056Z 11 | try:
quality-gate	Lint	2025-12-29T01:41:16.5027384Z    |
quality-gate	Lint	2025-12-29T01:41:16.5027471Z 
quality-gate	Lint	2025-12-29T01:41:16.5027581Z F401 [*] `typing.Callable` imported but unused
quality-gate	Lint	2025-12-29T01:41:16.5027856Z   --> shared/python/process_worker.py:9:36
quality-gate	Lint	2025-12-29T01:41:16.5028092Z    |
quality-gate	Lint	2025-12-29T01:41:16.5028246Z  7 | import subprocess
quality-gate	Lint	2025-12-29T01:41:16.5028441Z  8 | import threading
quality-gate	Lint	2025-12-29T01:41:16.5028657Z  9 | from typing import Optional, List, Callable
quality-gate	Lint	2025-12-29T01:41:16.5028922Z    |                                    ^^^^^^^^
quality-gate	Lint	2025-12-29T01:41:16.5029248Z 10 |
quality-gate	Lint	2025-12-29T01:41:16.5029399Z 11 | try:
quality-gate	Lint	2025-12-29T01:41:16.5029546Z    |
quality-gate	Lint	2025-12-29T01:41:16.5029737Z help: Remove unused import: `typing.Callable`
quality-gate	Lint	2025-12-29T01:41:16.5029920Z 
quality-gate	Lint	2025-12-29T01:41:16.5030015Z W293 [*] Blank line contains whitespace
quality-gate	Lint	2025-12-29T01:41:16.5030272Z   --> shared/python/process_worker.py:24:1
quality-gate	Lint	2025-12-29T01:41:16.5030511Z    |
quality-gate	Lint	2025-12-29T01:41:16.5030670Z 22 |         def wait(self):
quality-gate	Lint	2025-12-29T01:41:16.5030879Z 23 |             pass
quality-gate	Lint	2025-12-29T01:41:16.5031058Z 24 |             
quality-gate	Lint	2025-12-29T01:41:16.5031231Z    | ^^^^^^^^^^^^
quality-gate	Lint	2025-12-29T01:41:16.5031438Z 25 |     class pyqtSignal:  # type: ignore[no-redef]
quality-gate	Lint	2025-12-29T01:41:16.5031715Z 26 |         def __init__(self, *args):
quality-gate	Lint	2025-12-29T01:41:16.5031938Z    |
quality-gate	Lint	2025-12-29T01:41:16.5032210Z help: Remove whitespace from blank line
quality-gate	Lint	2025-12-29T01:41:16.5032405Z 
quality-gate	Lint	2025-12-29T01:41:16.5032538Z UP006 [*] Use `list` instead of `List` for type annotation
quality-gate	Lint	2025-12-29T01:41:16.5032841Z   --> shared/python/process_worker.py:38:29
quality-gate	Lint	2025-12-29T01:41:16.5033092Z    |
quality-gate	Lint	2025-12-29T01:41:16.5033270Z 36 |     finished_signal = pyqtSignal(int, str)
quality-gate	Lint	2025-12-29T01:41:16.5033514Z 37 |
quality-gate	Lint	2025-12-29T01:41:16.5033750Z 38 |     def __init__(self, cmd: List[str], cwd: Optional[str] = None) -> None:
quality-gate	Lint	2025-12-29T01:41:16.5034071Z    |                             ^^^^
quality-gate	Lint	2025-12-29T01:41:16.5034297Z 39 |         """Initialize worker.
quality-gate	Lint	2025-12-29T01:41:16.5034500Z    |
quality-gate	Lint	2025-12-29T01:41:16.5034664Z help: Replace with `list`
quality-gate	Lint	2025-12-29T01:41:16.5034795Z 
quality-gate	Lint	2025-12-29T01:41:16.5034897Z UP045 [*] Use `X | None` for type annotations
quality-gate	Lint	2025-12-29T01:41:16.5035169Z   --> shared/python/process_worker.py:38:45
quality-gate	Lint	2025-12-29T01:41:16.5035397Z    |
quality-gate	Lint	2025-12-29T01:41:16.5035579Z 36 |     finished_signal = pyqtSignal(int, str)
quality-gate	Lint	2025-12-29T01:41:16.5035812Z 37 |
quality-gate	Lint	2025-12-29T01:41:16.5036052Z 38 |     def __init__(self, cmd: List[str], cwd: Optional[str] = None) -> None:
quality-gate	Lint	2025-12-29T01:41:16.5036375Z    |                                             ^^^^^^^^^^^^^
quality-gate	Lint	2025-12-29T01:41:16.5036630Z 39 |         """Initialize worker.
quality-gate	Lint	2025-12-29T01:41:16.5036831Z    |
quality-gate	Lint	2025-12-29T01:41:16.5036993Z help: Convert to `X | None`
quality-gate	Lint	2025-12-29T01:41:16.5037134Z 
quality-gate	Lint	2025-12-29T01:41:16.5037222Z W293 Blank line contains whitespace
quality-gate	Lint	2025-12-29T01:41:16.5037464Z   --> shared/python/process_worker.py:40:1
quality-gate	Lint	2025-12-29T01:41:16.5037698Z    |
quality-gate	Lint	2025-12-29T01:41:16.5037923Z 38 |     def __init__(self, cmd: List[str], cwd: Optional[str] = None) -> None:
quality-gate	Lint	2025-12-29T01:41:16.5038243Z 39 |         """Initialize worker.
quality-gate	Lint	2025-12-29T01:41:16.5038453Z 40 |         
quality-gate	Lint	2025-12-29T01:41:16.5038609Z    | ^^^^^^^^
quality-gate	Lint	2025-12-29T01:41:16.5038762Z 41 |         Args:
quality-gate	Lint	2025-12-29T01:41:16.5038956Z 42 |             cmd: Command list to execute.
quality-gate	Lint	2025-12-29T01:41:16.5039181Z    |
quality-gate	Lint	2025-12-29T01:41:16.5039353Z help: Remove whitespace from blank line
quality-gate	Lint	2025-12-29T01:41:16.5039519Z 
quality-gate	Lint	2025-12-29T01:41:16.5039617Z UP045 [*] Use `X | None` for type annotations
quality-gate	Lint	2025-12-29T01:41:16.5039877Z   --> shared/python/process_worker.py:48:23
quality-gate	Lint	2025-12-29T01:41:16.5040112Z    |
quality-gate	Lint	2025-12-29T01:41:16.5040262Z 46 |         self.cmd = cmd
quality-gate	Lint	2025-12-29T01:41:16.5040460Z 47 |         self.cwd = cwd
quality-gate	Lint	2025-12-29T01:41:16.5040709Z 48 |         self.process: Optional[subprocess.Popen] = None
quality-gate	Lint	2025-12-29T01:41:16.5040998Z    |                       ^^^^^^^^^^^^^^^^^^^^^^^^^^
quality-gate	Lint	2025-12-29T01:41:16.5041237Z 49 |         self._is_running = True
quality-gate	Lint	2025-12-29T01:41:16.5041487Z 50 |         self._stop_event = threading.Event()
quality-gate	Lint	2025-12-29T01:41:16.5041724Z    |
quality-gate	Lint	2025-12-29T01:41:16.5041879Z help: Convert to `X | None`
quality-gate	Lint	2025-12-29T01:41:16.5042296Z 
quality-gate	Lint	2025-12-29T01:41:16.5042416Z W293 [*] Blank line contains whitespace
quality-gate	Lint	2025-12-29T01:41:16.5042675Z   --> shared/python/process_worker.py:76:1
quality-gate	Lint	2025-12-29T01:41:16.5042906Z    |
quality-gate	Lint	2025-12-29T01:41:16.5043070Z 74 |             # Wait for completion
quality-gate	Lint	2025-12-29T01:41:16.5043342Z 75 |             stdout, stderr = self.process.communicate()
quality-gate	Lint	2025-12-29T01:41:16.5043607Z 76 |             
quality-gate	Lint	2025-12-29T01:41:16.5043777Z    | ^^^^^^^^^^^^
quality-gate	Lint	2025-12-29T01:41:16.5043965Z 77 |             # Process remaining output
quality-gate	Lint	2025-12-29T01:41:16.5044328Z 78 |             if stdout:
quality-gate	Lint	2025-12-29T01:41:16.5044511Z    |
quality-gate	Lint	2025-12-29T01:41:16.5044677Z help: Remove whitespace from blank line
quality-gate	Lint	2025-12-29T01:41:16.5044845Z 
quality-gate	Lint	2025-12-29T01:41:16.5044930Z W293 [*] Blank line contains whitespace
quality-gate	Lint	2025-12-29T01:41:16.5045180Z   --> shared/python/process_worker.py:81:1
quality-gate	Lint	2025-12-29T01:41:16.5045411Z    |
quality-gate	Lint	2025-12-29T01:41:16.5045589Z 79 |                 for line in stdout.splitlines():
quality-gate	Lint	2025-12-29T01:41:16.5045874Z 80 |                     self.log_signal.emit(line.strip())
quality-gate	Lint	2025-12-29T01:41:16.5046125Z 81 |             
quality-gate	Lint	2025-12-29T01:41:16.5046283Z    | ^^^^^^^^^^^^
quality-gate	Lint	2025-12-29T01:41:16.5046452Z 82 |             if stderr:
quality-gate	Lint	2025-12-29T01:41:16.5046664Z 83 |                 for line in stderr.splitlines():
quality-gate	Lint	2025-12-29T01:41:16.5046902Z    |
quality-gate	Lint	2025-12-29T01:41:16.5047068Z help: Remove whitespace from blank line
quality-gate	Lint	2025-12-29T01:41:16.5047241Z 
quality-gate	Lint	2025-12-29T01:41:16.5047348Z I001 [*] Import block is un-sorted or un-formatted
quality-gate	Lint	2025-12-29T01:41:16.5047642Z  --> tests/unit/test_configuration_manager.py:3:1
quality-gate	Lint	2025-12-29T01:41:16.5047895Z   |
quality-gate	Lint	2025-12-29T01:41:16.5048088Z 1 |   """Unit tests for the ConfigurationManager."""
quality-gate	Lint	2025-12-29T01:41:16.5048334Z 2 |
quality-gate	Lint	2025-12-29T01:41:16.5048482Z 3 | / import json
quality-gate	Lint	2025-12-29T01:41:16.5048665Z 4 | | from pathlib import Path
quality-gate	Lint	2025-12-29T01:41:16.5048876Z 5 | | import pytest
quality-gate	Lint	2025-12-29T01:41:16.5049220Z 6 | | from shared.python.configuration_manager import ConfigurationManager, SimulationConfig
quality-gate	Lint	2025-12-29T01:41:16.5049691Z 7 | | from shared.python.common_utils import GolfModelingError
quality-gate	Lint	2025-12-29T01:41:16.5050003Z   | |________________________________________________________^
quality-gate	Lint	2025-12-29T01:41:16.5050245Z 8 |
quality-gate	Lint	2025-12-29T01:41:16.5050411Z 9 |   def test_default_config():
quality-gate	Lint	2025-12-29T01:41:16.5050612Z   |
quality-gate	Lint	2025-12-29T01:41:16.5050771Z help: Organize imports
quality-gate	Lint	2025-12-29T01:41:16.5050891Z 
quality-gate	Lint	2025-12-29T01:41:16.5050976Z W293 [*] Blank line contains whitespace
quality-gate	Lint	2025-12-29T01:41:16.5051249Z   --> tests/unit/test_configuration_manager.py:21:1
quality-gate	Lint	2025-12-29T01:41:16.5051502Z    |
quality-gate	Lint	2025-12-29T01:41:16.5051687Z 19 |     with pytest.raises(GolfModelingError):
quality-gate	Lint	2025-12-29T01:41:16.5051987Z 20 |         SimulationConfig(height_m=-1.0).validate()
quality-gate	Lint	2025-12-29T01:41:16.5052346Z 21 |     
quality-gate	Lint	2025-12-29T01:41:16.5052503Z    | ^^^^
quality-gate	Lint	2025-12-29T01:41:16.5052688Z 22 |     with pytest.raises(GolfModelingError):
quality-gate	Lint	2025-12-29T01:41:16.5052990Z 23 |         SimulationConfig(control_mode="invalid").validate()
quality-gate	Lint	2025-12-29T01:41:16.5053259Z    |
quality-gate	Lint	2025-12-29T01:41:16.5053437Z help: Remove whitespace from blank line
quality-gate	Lint	2025-12-29T01:41:16.5053605Z 
quality-gate	Lint	2025-12-29T01:41:16.5053692Z W293 [*] Blank line contains whitespace
quality-gate	Lint	2025-12-29T01:41:16.5053956Z   --> tests/unit/test_configuration_manager.py:29:1
quality-gate	Lint	2025-12-29T01:41:16.5054203Z    |
quality-gate	Lint	2025-12-29T01:41:16.5054389Z 27 |     config_file = tmp_path / "test_config.json"
quality-gate	Lint	2025-12-29T01:41:16.5054676Z 28 |     manager = ConfigurationManager(config_file)
quality-gate	Lint	2025-12-29T01:41:16.5054922Z 29 |     
quality-gate	Lint	2025-12-29T01:41:16.5055071Z    | ^^^^
quality-gate	Lint	2025-12-29T01:41:16.5055229Z 30 |     # Save default
quality-gate	Lint	2025-12-29T01:41:16.5055427Z 31 |     config = SimulationConfig()
quality-gate	Lint	2025-12-29T01:41:16.5055640Z    |
quality-gate	Lint	2025-12-29T01:41:16.5055810Z help: Remove whitespace from blank line
quality-gate	Lint	2025-12-29T01:41:16.5055970Z 
quality-gate	Lint	2025-12-29T01:41:16.5056052Z W293 [*] Blank line contains whitespace
quality-gate	Lint	2025-12-29T01:41:16.5056313Z   --> tests/unit/test_configuration_manager.py:35:1
quality-gate	Lint	2025-12-29T01:41:16.5056560Z    |
quality-gate	Lint	2025-12-29T01:41:16.5056738Z 33 |     config.colors["shirt"] = [1.0, 0.0, 0.0, 1.0]
quality-gate	Lint	2025-12-29T01:41:16.5057118Z 34 |     manager.save(config)
quality-gate	Lint	2025-12-29T01:41:16.5057315Z 35 |     
quality-gate	Lint	2025-12-29T01:41:16.5057473Z    | ^^^^
quality-gate	Lint	2025-12-29T01:41:16.5057636Z 36 |     assert config_file.exists()
quality-gate	Lint	2025-12-29T01:41:16.5057851Z    |
quality-gate	Lint	2025-12-29T01:41:16.5058016Z help: Remove whitespace from blank line
quality-gate	Lint	2025-12-29T01:41:16.5058180Z 
quality-gate	Lint	2025-12-29T01:41:16.5058264Z W293 [*] Blank line contains whitespace
quality-gate	Lint	2025-12-29T01:41:16.5058524Z   --> tests/unit/test_configuration_manager.py:37:1
quality-gate	Lint	2025-12-29T01:41:16.5058880Z    |
quality-gate	Lint	2025-12-29T01:41:16.5059041Z 36 |     assert config_file.exists()
quality-gate	Lint	2025-12-29T01:41:16.5059251Z 37 |     
quality-gate	Lint	2025-12-29T01:41:16.5059401Z    | ^^^^
quality-gate	Lint	2025-12-29T01:41:16.5059551Z 38 |     # Load back
quality-gate	Lint	2025-12-29T01:41:16.5059745Z 39 |     loaded_config = manager.load()
quality-gate	Lint	2025-12-29T01:41:16.5059960Z    |
quality-gate	Lint	2025-12-29T01:41:16.5060131Z help: Remove whitespace from blank line
quality-gate	Lint	2025-12-29T01:41:16.5060291Z 
quality-gate	Lint	2025-12-29T01:41:16.5060377Z W293 [*] Blank line contains whitespace
quality-gate	Lint	2025-12-29T01:41:16.5060647Z   --> tests/unit/test_configuration_manager.py:49:1
quality-gate	Lint	2025-12-29T01:41:16.5060896Z    |
quality-gate	Lint	2025-12-29T01:41:16.5061063Z 47 |     with open(config_file, "w") as f:
quality-gate	Lint	2025-12-29T01:41:16.5061322Z 48 |         json.dump(data, f)
quality-gate	Lint	2025-12-29T01:41:16.5061521Z 49 |         
quality-gate	Lint	2025-12-29T01:41:16.5061680Z    | ^^^^^^^^
quality-gate	Lint	2025-12-29T01:41:16.5061873Z 50 |     manager = ConfigurationManager(config_file)
quality-gate	Lint	2025-12-29T01:41:16.5062231Z 51 |     config = manager.load()
quality-gate	Lint	2025-12-29T01:41:16.5062436Z    |
quality-gate	Lint	2025-12-29T01:41:16.5062609Z help: Remove whitespace from blank line
quality-gate	Lint	2025-12-29T01:41:16.5062774Z 
quality-gate	Lint	2025-12-29T01:41:16.5062856Z W293 [*] Blank line contains whitespace
quality-gate	Lint	2025-12-29T01:41:16.5063116Z   --> tests/unit/test_configuration_manager.py:52:1
quality-gate	Lint	2025-12-29T01:41:16.5063362Z    |
quality-gate	Lint	2025-12-29T01:41:16.5063541Z 50 |     manager = ConfigurationManager(config_file)
quality-gate	Lint	2025-12-29T01:41:16.5063804Z 51 |     config = manager.load()
quality-gate	Lint	2025-12-29T01:41:16.5064000Z 52 |     
quality-gate	Lint	2025-12-29T01:41:16.5064152Z    | ^^^^
quality-gate	Lint	2025-12-29T01:41:16.5064318Z 53 |     assert config.height_m == 1.5
quality-gate	Lint	2025-12-29T01:41:16.5064608Z 54 |     assert config.weight_percent == 100.0  # Default value
quality-gate	Lint	2025-12-29T01:41:16.5064879Z    |
quality-gate	Lint	2025-12-29T01:41:16.5065051Z help: Remove whitespace from blank line
quality-gate	Lint	2025-12-29T01:41:16.5065211Z 
quality-gate	Lint	2025-12-29T01:41:16.5065312Z E402 Module level import not at top of file
quality-gate	Lint	2025-12-29T01:41:16.5065586Z   --> tests/unit/test_mujoco_physics_engine.py:21:1
quality-gate	Lint	2025-12-29T01:41:16.5065837Z    |
quality-gate	Lint	2025-12-29T01:41:16.5066037Z 19 |   mock_interfaces.PhysicsEngine = MockPhysicsEngine
quality-gate	Lint	2025-12-29T01:41:16.5066305Z 20 |
quality-gate	Lint	2025-12-29T01:41:16.5066620Z 21 | / from engines.physics_engines.mujoco.python.mujoco_humanoid_golf.physics_engine import (
quality-gate	Lint	2025-12-29T01:41:16.5067032Z 22 | |     MuJoCoPhysicsEngine,
quality-gate	Lint	2025-12-29T01:41:16.5067234Z 23 | | )
quality-gate	Lint	2025-12-29T01:41:16.5067387Z    | |_^
quality-gate	Lint	2025-12-29T01:41:16.5067535Z 24 |
quality-gate	Lint	2025-12-29T01:41:16.5067688Z 25 |   @pytest.fixture
quality-gate	Lint	2025-12-29T01:41:16.5067866Z    |
quality-gate	Lint	2025-12-29T01:41:16.5067947Z 
quality-gate	Lint	2025-12-29T01:41:16.5068051Z I001 [*] Import block is un-sorted or un-formatted
quality-gate	Lint	2025-12-29T01:41:16.5068347Z   --> tests/unit/test_mujoco_physics_engine.py:21:1
quality-gate	Lint	2025-12-29T01:41:16.5068589Z    |
quality-gate	Lint	2025-12-29T01:41:16.5068791Z 19 |   mock_interfaces.PhysicsEngine = MockPhysicsEngine
quality-gate	Lint	2025-12-29T01:41:16.5069048Z 20 |
quality-gate	Lint	2025-12-29T01:41:16.5069365Z 21 | / from engines.physics_engines.mujoco.python.mujoco_humanoid_golf.physics_engine import (
quality-gate	Lint	2025-12-29T01:41:16.5069770Z 22 | |     MuJoCoPhysicsEngine,
quality-gate	Lint	2025-12-29T01:41:16.5069968Z 23 | | )
quality-gate	Lint	2025-12-29T01:41:16.5070121Z    | |_^
quality-gate	Lint	2025-12-29T01:41:16.5070264Z 24 |
quality-gate	Lint	2025-12-29T01:41:16.5070425Z 25 |   @pytest.fixture
quality-gate	Lint	2025-12-29T01:41:16.5070608Z    |
quality-gate	Lint	2025-12-29T01:41:16.5070770Z help: Organize imports
quality-gate	Lint	2025-12-29T01:41:16.5070890Z 
quality-gate	Lint	2025-12-29T01:41:16.5070979Z W293 [*] Blank line contains whitespace
quality-gate	Lint	2025-12-29T01:41:16.5071252Z   --> tests/unit/test_mujoco_physics_engine.py:37:1
quality-gate	Lint	2025-12-29T01:41:16.5071501Z    |
quality-gate	Lint	2025-12-29T01:41:16.5071659Z 35 |     xml = "<mujoco/>"
quality-gate	Lint	2025-12-29T01:41:16.5071875Z 36 |     engine.load_from_string(xml)
quality-gate	Lint	2025-12-29T01:41:16.5072395Z 37 |     
quality-gate	Lint	2025-12-29T01:41:16.5072556Z    | ^^^^
quality-gate	Lint	2025-12-29T01:41:16.5072813Z 38 |     mock_mujoco.MjModel.from_xml_string.assert_called_once_with(xml)
quality-gate	Lint	2025-12-29T01:41:16.5073156Z 39 |     assert engine.model is not None
quality-gate	Lint	2025-12-29T01:41:16.5073379Z    |
quality-gate	Lint	2025-12-29T01:41:16.5073559Z help: Remove whitespace from blank line
quality-gate	Lint	2025-12-29T01:41:16.5073721Z 
quality-gate	Lint	2025-12-29T01:41:16.5073806Z W293 [*] Blank line contains whitespace
quality-gate	Lint	2025-12-29T01:41:16.5074072Z   --> tests/unit/test_mujoco_physics_engine.py:46:1
quality-gate	Lint	2025-12-29T01:41:16.5074462Z    |
quality-gate	Lint	2025-12-29T01:41:16.5074620Z 44 |     path = "model.xml"
quality-gate	Lint	2025-12-29T01:41:16.5074843Z 45 |     engine.load_from_path(path)
quality-gate	Lint	2025-12-29T01:41:16.5075057Z 46 |     
quality-gate	Lint	2025-12-29T01:41:16.5075207Z    | ^^^^
quality-gate	Lint	2025-12-29T01:41:16.5075450Z 47 |     mock_mujoco.MjModel.from_xml_path.assert_called_once_with(path)
quality-gate	Lint	2025-12-29T01:41:16.5075782Z 48 |     assert engine.xml_path == path
quality-gate	Lint	2025-12-29T01:41:16.5075997Z    |
quality-gate	Lint	2025-12-29T01:41:16.5076174Z help: Remove whitespace from blank line
quality-gate	Lint	2025-12-29T01:41:16.5076340Z 
quality-gate	Lint	2025-12-29T01:41:16.5076424Z W293 [*] Blank line contains whitespace
quality-gate	Lint	2025-12-29T01:41:16.5076685Z   --> tests/unit/test_mujoco_physics_engine.py:55:1
quality-gate	Lint	2025-12-29T01:41:16.5076931Z    |
quality-gate	Lint	2025-12-29T01:41:16.5077090Z 53 |     engine.model = MagicMock()
quality-gate	Lint	2025-12-29T01:41:16.5077323Z 54 |     engine.data = MagicMock()
quality-gate	Lint	2025-12-29T01:41:16.5077528Z 55 |     
quality-gate	Lint	2025-12-29T01:41:16.5077677Z    | ^^^^
quality-gate	Lint	2025-12-29T01:41:16.5077834Z 56 |     engine.step()
quality-gate	Lint	2025-12-29T01:41:16.5078017Z    |
quality-gate	Lint	2025-12-29T01:41:16.5078184Z help: Remove whitespace from blank line
quality-gate	Lint	2025-12-29T01:41:16.5078349Z 
quality-gate	Lint	2025-12-29T01:41:16.5078433Z W293 [*] Blank line contains whitespace
quality-gate	Lint	2025-12-29T01:41:16.5078692Z   --> tests/unit/test_mujoco_physics_engine.py:57:1
quality-gate	Lint	2025-12-29T01:41:16.5078934Z    |
quality-gate	Lint	2025-12-29T01:41:16.5079098Z 56 |     engine.step()
quality-gate	Lint	2025-12-29T01:41:16.5079271Z 57 |     
quality-gate	Lint	2025-12-29T01:41:16.5079420Z    | ^^^^
quality-gate	Lint	2025-12-29T01:41:16.5079677Z 58 |     mock_mujoco.mj_step.assert_called_once_with(engine.model, engine.data)
quality-gate	Lint	2025-12-29T01:41:16.5080006Z    |
quality-gate	Lint	2025-12-29T01:41:16.5080173Z help: Remove whitespace from blank line
quality-gate	Lint	2025-12-29T01:41:16.5080340Z 
quality-gate	Lint	2025-12-29T01:41:16.5080424Z W293 [*] Blank line contains whitespace
quality-gate	Lint	2025-12-29T01:41:16.5080682Z   --> tests/unit/test_mujoco_physics_engine.py:65:1
quality-gate	Lint	2025-12-29T01:41:16.5080932Z    |
quality-gate	Lint	2025-12-29T01:41:16.5081092Z 63 |     engine.model = MagicMock()
quality-gate	Lint	2025-12-29T01:41:16.5081317Z 64 |     engine.data = MagicMock()
quality-gate	Lint	2025-12-29T01:41:16.5081530Z 65 |     
quality-gate	Lint	2025-12-29T01:41:16.5081680Z    | ^^^^
quality-gate	Lint	2025-12-29T01:41:16.5081842Z 66 |     engine.reset()
quality-gate	Lint	2025-12-29T01:41:16.5082020Z    |
quality-gate	Lint	2025-12-29T01:41:16.5082480Z help: Remove whitespace from blank line
quality-gate	Lint	2025-12-29T01:41:16.5082649Z 
quality-gate	Lint	2025-12-29T01:41:16.5082735Z W293 [*] Blank line contains whitespace
quality-gate	Lint	2025-12-29T01:41:16.5083002Z   --> tests/unit/test_mujoco_physics_engine.py:67:1
quality-gate	Lint	2025-12-29T01:41:16.5083250Z    |
quality-gate	Lint	2025-12-29T01:41:16.5083410Z 66 |     engine.reset()
quality-gate	Lint	2025-12-29T01:41:16.5083604Z 67 |     
quality-gate	Lint	2025-12-29T01:41:16.5083755Z    | ^^^^
quality-gate	Lint	2025-12-29T01:41:16.5084036Z 68 |     mock_mujoco.mj_resetData.assert_called_once_with(engine.model, engine.data)
quality-gate	Lint	2025-12-29T01:41:16.5084475Z 69 |     mock_mujoco.mj_forward.assert_called_once()  # called by forward()
quality-gate	Lint	2025-12-29T01:41:16.5084785Z    |
quality-gate	Lint	2025-12-29T01:41:16.5084950Z help: Remove whitespace from blank line
quality-gate	Lint	2025-12-29T01:41:16.5085120Z 
quality-gate	Lint	2025-12-29T01:41:16.5085203Z W293 [*] Blank line contains whitespace
quality-gate	Lint	2025-12-29T01:41:16.5085466Z   --> tests/unit/test_mujoco_physics_engine.py:76:1
quality-gate	Lint	2025-12-29T01:41:16.5085729Z    |
quality-gate	Lint	2025-12-29T01:41:16.5085893Z 74 |     engine.data = MagicMock()
quality-gate	Lint	2025-12-29T01:41:16.5086119Z 75 |     engine.data.ctrl = np.zeros(2)
quality-gate	Lint	2025-12-29T01:41:16.5086340Z 76 |     
quality-gate	Lint	2025-12-29T01:41:16.5086486Z    | ^^^^
quality-gate	Lint	2025-12-29T01:41:16.5086649Z 77 |     ctrl = np.array([1.0, 2.0])
quality-gate	Lint	2025-12-29T01:41:16.5086878Z 78 |     engine.set_control(ctrl)
quality-gate	Lint	2025-12-29T01:41:16.5087088Z    |
quality-gate	Lint	2025-12-29T01:41:16.5087258Z help: Remove whitespace from blank line
quality-gate	Lint	2025-12-29T01:41:16.5087553Z 
quality-gate	Lint	2025-12-29T01:41:16.5087638Z W293 [*] Blank line contains whitespace
quality-gate	Lint	2025-12-29T01:41:16.5087901Z   --> tests/unit/test_mujoco_physics_engine.py:79:1
quality-gate	Lint	2025-12-29T01:41:16.5088143Z    |
quality-gate	Lint	2025-12-29T01:41:16.5088303Z 77 |     ctrl = np.array([1.0, 2.0])
quality-gate	Lint	2025-12-29T01:41:16.5088525Z 78 |     engine.set_control(ctrl)
quality-gate	Lint	2025-12-29T01:41:16.5088731Z 79 |     
quality-gate	Lint	2025-12-29T01:41:16.5088875Z    | ^^^^
quality-gate	Lint	2025-12-29T01:41:16.5089097Z 80 |     np.testing.assert_array_equal(engine.data.ctrl, ctrl)
quality-gate	Lint	2025-12-29T01:41:16.5089478Z    |
quality-gate	Lint	2025-12-29T01:41:16.5089650Z help: Remove whitespace from blank line
quality-gate	Lint	2025-12-29T01:41:16.5089812Z 
quality-gate	Lint	2025-12-29T01:41:16.5089903Z W293 [*] Blank line contains whitespace
quality-gate	Lint	2025-12-29T01:41:16.5090159Z   --> tests/unit/test_mujoco_physics_engine.py:86:1
quality-gate	Lint	2025-12-29T01:41:16.5090426Z    |
quality-gate	Lint	2025-12-29T01:41:16.5090582Z 84 |     engine.model.nu = 2
quality-gate	Lint	2025-12-29T01:41:16.5090794Z 85 |     engine.data = MagicMock()
quality-gate	Lint	2025-12-29T01:41:16.5090997Z 86 |     
quality-gate	Lint	2025-12-29T01:41:16.5091147Z    | ^^^^
quality-gate	Lint	2025-12-29T01:41:16.5091310Z 87 |     ctrl = np.array([1.0, 2.0, 3.0])
quality-gate	Lint	2025-12-29T01:41:16.5091544Z 88 |     # Should warn but not raise
quality-gate	Lint	2025-12-29T01:41:16.5091746Z    |
quality-gate	Lint	2025-12-29T01:41:16.5091916Z help: Remove whitespace from blank line
quality-gate	Lint	2025-12-29T01:41:16.5092074Z 
quality-gate	Lint	2025-12-29T01:41:16.5092338Z W293 [*] Blank line contains whitespace
quality-gate	Lint	2025-12-29T01:41:16.5092609Z   --> tests/unit/test_mujoco_physics_engine.py:96:1
quality-gate	Lint	2025-12-29T01:41:16.5092855Z    |
quality-gate	Lint	2025-12-29T01:41:16.5093015Z 94 |     engine.data = MagicMock()
quality-gate	Lint	2025-12-29T01:41:16.5093254Z 95 |     engine.data.qM = np.zeros(2)
quality-gate	Lint	2025-12-29T01:41:16.5093470Z 96 |     
quality-gate	Lint	2025-12-29T01:41:16.5093620Z    | ^^^^
quality-gate	Lint	2025-12-29T01:41:16.5094014Z 97 |     with patch("engines.physics_engines.mujoco.python.mujoco_humanoid_golf.physics_engine.mujoco") as mock_mujoco:
quality-gate	Lint	2025-12-29T01:41:16.5094507Z 98 |         M = engine.compute_mass_matrix()
quality-gate	Lint	2025-12-29T01:41:16.5094736Z    |
quality-gate	Lint	2025-12-29T01:41:16.5094901Z help: Remove whitespace from blank line
quality-gate	Lint	2025-12-29T01:41:16.5095065Z 
quality-gate	Lint	2025-12-29T01:41:16.5095160Z W293 [*] Blank line contains whitespace
quality-gate	Lint	2025-12-29T01:41:16.5095428Z    --> tests/unit/test_mujoco_physics_engine.py:105:1
quality-gate	Lint	2025-12-29T01:41:16.5095697Z     |
quality-gate	Lint	2025-12-29T01:41:16.5095862Z 103 |     engine.data = MagicMock()
quality-gate	Lint	2025-12-29T01:41:16.5096127Z 104 |     engine.data.qfrc_bias = np.array([1.0, 2.0])
quality-gate	Lint	2025-12-29T01:41:16.5096384Z 105 |     
quality-gate	Lint	2025-12-29T01:41:16.5096535Z     | ^^^^
quality-gate	Lint	2025-12-29T01:41:16.5096725Z 106 |     bias = engine.compute_bias_forces()
quality-gate	Lint	2025-12-29T01:41:16.5097036Z 107 |     np.testing.assert_array_equal(bias, np.array([1.0, 2.0]))
quality-gate	Lint	2025-12-29T01:41:16.5097328Z     |
quality-gate	Lint	2025-12-29T01:41:16.5097495Z help: Remove whitespace from blank line
quality-gate	Lint	2025-12-29T01:41:16.5097660Z 
quality-gate	Lint	2025-12-29T01:41:16.5097744Z W293 [*] Blank line contains whitespace
quality-gate	Lint	2025-12-29T01:41:16.5098011Z    --> tests/unit/test_mujoco_physics_engine.py:112:1
quality-gate	Lint	2025-12-29T01:41:16.5098267Z     |
quality-gate	Lint	2025-12-29T01:41:16.5098430Z 110 |     engine.data = MagicMock()
quality-gate	Lint	2025-12-29T01:41:16.5098695Z 111 |     engine.data.qfrc_grav = np.array([0.0, -9.81])
quality-gate	Lint	2025-12-29T01:41:16.5098959Z 112 |     
quality-gate	Lint	2025-12-29T01:41:16.5099108Z     | ^^^^
quality-gate	Lint	2025-12-29T01:41:16.5099297Z 113 |     grav = engine.compute_gravity_forces()
quality-gate	Lint	2025-12-29T01:41:16.5099627Z 114 |     np.testing.assert_array_equal(grav, np.array([0.0, -9.81]))
quality-gate	Lint	2025-12-29T01:41:16.5099925Z     |
quality-gate	Lint	2025-12-29T01:41:16.5100095Z help: Remove whitespace from blank line
quality-gate	Lint	2025-12-29T01:41:16.5100264Z 
quality-gate	Lint	2025-12-29T01:41:16.5100348Z W293 [*] Blank line contains whitespace
quality-gate	Lint	2025-12-29T01:41:16.5100626Z    --> tests/unit/test_mujoco_physics_engine.py:122:1
quality-gate	Lint	2025-12-29T01:41:16.5100876Z     |
quality-gate	Lint	2025-12-29T01:41:16.5101084Z 120 |     engine.data.qfrc_inverse = np.array([10.0, 20.0])
quality-gate	Lint	2025-12-29T01:41:16.5101443Z 121 |     engine.data.qacc = np.zeros(2) # Real array for slice assignment
quality-gate	Lint	2025-12-29T01:41:16.5101764Z 122 |     
quality-gate	Lint	2025-12-29T01:41:16.5101914Z     | ^^^^
quality-gate	Lint	2025-12-29T01:41:16.5102422Z 123 |     with patch("engines.physics_engines.mujoco.python.mujoco_humanoid_golf.physics_engine.mujoco") as mock_mujoco:
quality-gate	Lint	2025-12-29T01:41:16.5103041Z 124 |         qacc = np.array([0.1, 0.2])
quality-gate	Lint	2025-12-29T01:41:16.5103268Z     |
quality-gate	Lint	2025-12-29T01:41:16.5103442Z help: Remove whitespace from blank line
quality-gate	Lint	2025-12-29T01:41:16.5103607Z 
quality-gate	Lint	2025-12-29T01:41:16.5103693Z W293 [*] Blank line contains whitespace
quality-gate	Lint	2025-12-29T01:41:16.5103960Z    --> tests/unit/test_mujoco_physics_engine.py:126:1
quality-gate	Lint	2025-12-29T01:41:16.5104209Z     |
quality-gate	Lint	2025-12-29T01:41:16.5104377Z 124 |         qacc = np.array([0.1, 0.2])
quality-gate	Lint	2025-12-29T01:41:16.5104643Z 125 |         tau = engine.compute_inverse_dynamics(qacc)
quality-gate	Lint	2025-12-29T01:41:16.5105029Z 126 |         
quality-gate	Lint	2025-12-29T01:41:16.5105187Z     | ^^^^^^^^
quality-gate	Lint	2025-12-29T01:41:16.5105365Z 127 |         assert tau is not None
quality-gate	Lint	2025-12-29T01:41:16.5105665Z 128 |         np.testing.assert_array_equal(tau, np.array([10.0, 20.0]))
quality-gate	Lint	2025-12-29T01:41:16.5105952Z     |
quality-gate	Lint	2025-12-29T01:41:16.5106132Z help: Remove whitespace from blank line
quality-gate	Lint	2025-12-29T01:41:16.5106290Z 
quality-gate	Lint	2025-12-29T01:41:16.5106377Z W293 [*] Blank line contains whitespace
quality-gate	Lint	2025-12-29T01:41:16.5106653Z    --> tests/unit/test_mujoco_physics_engine.py:137:1
quality-gate	Lint	2025-12-29T01:41:16.5106902Z     |
quality-gate	Lint	2025-12-29T01:41:16.5107084Z 135 |     engine.data.ctrl = np.array([1.0])
quality-gate	Lint	2025-12-29T01:41:16.5107401Z 136 |     engine.data.qacc = np.array([0.5]) # Simulated drift acc
quality-gate	Lint	2025-12-29T01:41:16.5107689Z 137 |     
quality-gate	Lint	2025-12-29T01:41:16.5107847Z     | ^^^^
quality-gate	Lint	2025-12-29T01:41:16.5108247Z 138 |     with patch("engines.physics_engines.mujoco.python.mujoco_humanoid_golf.physics_engine.mujoco") as mock_mujoco:
quality-gate	Lint	2025-12-29T01:41:16.5108753Z 139 |         drift = engine.compute_affine_drift()
quality-gate	Lint	2025-12-29T01:41:16.5108993Z     |
quality-gate	Lint	2025-12-29T01:41:16.5109168Z help: Remove whitespace from blank line
quality-gate	Lint	2025-12-29T01:41:16.5109329Z 
quality-gate	Lint	2025-12-29T01:41:16.5109413Z W293 [*] Blank line contains whitespace
quality-gate	Lint	2025-12-29T01:41:16.5109679Z    --> tests/unit/test_mujoco_physics_engine.py:140:1
quality-gate	Lint	2025-12-29T01:41:16.5109929Z     |
quality-gate	Lint	2025-12-29T01:41:16.5110317Z 138 |     with patch("engines.physics_engines.mujoco.python.mujoco_humanoid_golf.physics_engine.mujoco") as mock_mujoco:
quality-gate	Lint	2025-12-29T01:41:16.5110817Z 139 |         drift = engine.compute_affine_drift()
quality-gate	Lint	2025-12-29T01:41:16.5111052Z 140 |         
quality-gate	Lint	2025-12-29T01:41:16.5111216Z     | ^^^^^^^^
quality-gate	Lint	2025-12-29T01:41:16.5111395Z 141 |         assert drift is not None
quality-gate	Lint	2025-12-29T01:41:16.5111691Z 142 |         np.testing.assert_array_equal(drift, np.array([0.5]))
quality-gate	Lint	2025-12-29T01:41:16.5111962Z     |
quality-gate	Lint	2025-12-29T01:41:16.5112238Z help: Remove whitespace from blank line
quality-gate	Lint	2025-12-29T01:41:16.5112407Z 
quality-gate	Lint	2025-12-29T01:41:16.5112503Z W293 [*] Blank line contains whitespace
quality-gate	Lint	2025-12-29T01:41:16.5112766Z    --> tests/unit/test_mujoco_physics_engine.py:151:1
quality-gate	Lint	2025-12-29T01:41:16.5113019Z     |
quality-gate	Lint	2025-12-29T01:41:16.5113178Z 149 |     engine.model.nv = 2
quality-gate	Lint	2025-12-29T01:41:16.5113405Z 150 |     engine.data = MagicMock()
quality-gate	Lint	2025-12-29T01:41:16.5113616Z 151 |     
quality-gate	Lint	2025-12-29T01:41:16.5113769Z     | ^^^^
quality-gate	Lint	2025-12-29T01:41:16.5114162Z 152 |     with patch("engines.physics_engines.mujoco.python.mujoco_humanoid_golf.physics_engine.mujoco") as mock_mujoco:
quality-gate	Lint	2025-12-29T01:41:16.5114666Z 153 |         mock_mujoco.mj_name2id.return_value = 1
quality-gate	Lint	2025-12-29T01:41:16.5114912Z     |
quality-gate	Lint	2025-12-29T01:41:16.5115080Z help: Remove whitespace from blank line
quality-gate	Lint	2025-12-29T01:41:16.5115241Z 
quality-gate	Lint	2025-12-29T01:41:16.5115330Z W293 [*] Blank line contains whitespace
quality-gate	Lint	2025-12-29T01:41:16.5115588Z    --> tests/unit/test_mujoco_physics_engine.py:154:1
quality-gate	Lint	2025-12-29T01:41:16.5115839Z     |
quality-gate	Lint	2025-12-29T01:41:16.5116228Z 152 |     with patch("engines.physics_engines.mujoco.python.mujoco_humanoid_golf.physics_engine.mujoco") as mock_mujoco:
quality-gate	Lint	2025-12-29T01:41:16.5116729Z 153 |         mock_mujoco.mj_name2id.return_value = 1
quality-gate	Lint	2025-12-29T01:41:16.5116976Z 154 |         
quality-gate	Lint	2025-12-29T01:41:16.5117134Z     | ^^^^^^^^
quality-gate	Lint	2025-12-29T01:41:16.5117335Z 155 |         jac = engine.compute_jacobian("torso")
quality-gate	Lint	2025-12-29T01:41:16.5117584Z     |
quality-gate	Lint	2025-12-29T01:41:16.5117758Z help: Remove whitespace from blank line
quality-gate	Lint	2025-12-29T01:41:16.5117920Z 
quality-gate	Lint	2025-12-29T01:41:16.5118003Z W293 [*] Blank line contains whitespace
quality-gate	Lint	2025-12-29T01:41:16.5118391Z    --> tests/unit/test_mujoco_physics_engine.py:156:1
quality-gate	Lint	2025-12-29T01:41:16.5118638Z     |
quality-gate	Lint	2025-12-29T01:41:16.5118822Z 155 |         jac = engine.compute_jacobian("torso")
quality-gate	Lint	2025-12-29T01:41:16.5119066Z 156 |         
quality-gate	Lint	2025-12-29T01:41:16.5119223Z     | ^^^^^^^^
quality-gate	Lint	2025-12-29T01:41:16.5119398Z 157 |         assert jac is not None
quality-gate	Lint	2025-12-29T01:41:16.5119622Z 158 |         assert "linear" in jac
quality-gate	Lint	2025-12-29T01:41:16.5119836Z     |
quality-gate	Lint	2025-12-29T01:41:16.5120003Z help: Remove whitespace from blank line
quality-gate	Lint	2025-12-29T01:41:16.5120277Z 
quality-gate	Lint	2025-12-29T01:41:16.5120345Z Found 78 errors.
quality-gate	Lint	2025-12-29T01:41:16.5120697Z [*] 58 fixable with the `--fix` option (11 hidden fixes can be enabled with the `--unsafe-fixes` option).
quality-gate	Lint	2025-12-29T01:41:16.5131435Z ##[error]Process completed with exit code 1.
quality-gate	Upload MATLAB Report	ï»¿2025-12-29T01:41:16.5223205Z ##[group]Run actions/upload-artifact@v4
quality-gate	Upload MATLAB Report	2025-12-29T01:41:16.5223501Z with:
quality-gate	Upload MATLAB Report	2025-12-29T01:41:16.5223702Z   name: matlab-quality-report
quality-gate	Upload MATLAB Report	2025-12-29T01:41:16.5223943Z   path: matlab_quality_report.txt
quality-gate	Upload MATLAB Report	2025-12-29T01:41:16.5224189Z   if-no-files-found: warn
quality-gate	Upload MATLAB Report	2025-12-29T01:41:16.5224409Z   compression-level: 6
quality-gate	Upload MATLAB Report	2025-12-29T01:41:16.5224606Z   overwrite: false
quality-gate	Upload MATLAB Report	2025-12-29T01:41:16.5224808Z   include-hidden-files: false
quality-gate	Upload MATLAB Report	2025-12-29T01:41:16.5225019Z env:
quality-gate	Upload MATLAB Report	2025-12-29T01:41:16.5225252Z   pythonLocation: /opt/hostedtoolcache/Python/3.11.14/x64
quality-gate	Upload MATLAB Report	2025-12-29T01:41:16.5225648Z   PKG_CONFIG_PATH: /opt/hostedtoolcache/Python/3.11.14/x64/lib/pkgconfig
quality-gate	Upload MATLAB Report	2025-12-29T01:41:16.5226042Z   Python_ROOT_DIR: /opt/hostedtoolcache/Python/3.11.14/x64
quality-gate	Upload MATLAB Report	2025-12-29T01:41:16.5226415Z   Python2_ROOT_DIR: /opt/hostedtoolcache/Python/3.11.14/x64
quality-gate	Upload MATLAB Report	2025-12-29T01:41:16.5226766Z   Python3_ROOT_DIR: /opt/hostedtoolcache/Python/3.11.14/x64
quality-gate	Upload MATLAB Report	2025-12-29T01:41:16.5227114Z   LD_LIBRARY_PATH: /opt/hostedtoolcache/Python/3.11.14/x64/lib
quality-gate	Upload MATLAB Report	2025-12-29T01:41:16.5227402Z ##[endgroup]
quality-gate	Upload MATLAB Report	2025-12-29T01:41:16.7373346Z With the provided path, there will be 1 file uploaded
quality-gate	Upload MATLAB Report	2025-12-29T01:41:16.7378654Z Artifact name is valid!
quality-gate	Upload MATLAB Report	2025-12-29T01:41:16.7379921Z Root directory input is valid!
quality-gate	Upload MATLAB Report	2025-12-29T01:41:16.8889844Z Beginning upload of artifact content to blob storage
quality-gate	Upload MATLAB Report	2025-12-29T01:41:17.0445847Z Uploaded bytes 315
quality-gate	Upload MATLAB Report	2025-12-29T01:41:17.0838545Z Finished uploading artifact content to blob storage!
quality-gate	Upload MATLAB Report	2025-12-29T01:41:17.0841869Z SHA256 digest of uploaded artifact zip is c7a2ffb634d8c540403363d25cabb9bf9d036a81851a4fdaf0b989495933768d
quality-gate	Upload MATLAB Report	2025-12-29T01:41:17.0844178Z Finalizing artifact upload
quality-gate	Upload MATLAB Report	2025-12-29T01:41:17.1821872Z Artifact matlab-quality-report.zip successfully finalized. Artifact ID 4980722369
quality-gate	Upload MATLAB Report	2025-12-29T01:41:17.1823828Z Artifact matlab-quality-report has been successfully uploaded! Final size is 315 bytes. Artifact ID is 4980722369
quality-gate	Upload MATLAB Report	2025-12-29T01:41:17.1830625Z Artifact download URL: https://github.com/D-sorganization/Golf_Modeling_Suite/actions/runs/20562671634/artifacts/4980722369
quality-gate	Post Run actions/checkout@v4	ï»¿2025-12-29T01:41:17.1968722Z Post job cleanup.
quality-gate	Post Run actions/checkout@v4	2025-12-29T01:41:17.2912716Z [command]/usr/bin/git version
quality-gate	Post Run actions/checkout@v4	2025-12-29T01:41:17.2948691Z git version 2.52.0
quality-gate	Post Run actions/checkout@v4	2025-12-29T01:41:17.2998414Z Temporarily overriding HOME='/home/runner/work/_temp/ed43844a-9732-43bd-a324-d9d58626e9f2' before making global git config changes
quality-gate	Post Run actions/checkout@v4	2025-12-29T01:41:17.2999762Z Adding repository directory to the temporary git global config as a safe directory
quality-gate	Post Run actions/checkout@v4	2025-12-29T01:41:17.3004894Z [command]/usr/bin/git config --global --add safe.directory /home/runner/work/Golf_Modeling_Suite/Golf_Modeling_Suite
quality-gate	Post Run actions/checkout@v4	2025-12-29T01:41:17.3039289Z [command]/usr/bin/git config --local --name-only --get-regexp core\.sshCommand
quality-gate	Post Run actions/checkout@v4	2025-12-29T01:41:17.3071088Z [command]/usr/bin/git submodule foreach --recursive sh -c "git config --local --name-only --get-regexp 'core\.sshCommand' && git config --local --unset-all 'core.sshCommand' || :"
quality-gate	Post Run actions/checkout@v4	2025-12-29T01:41:17.3304548Z [command]/usr/bin/git config --local --name-only --get-regexp http\.https\:\/\/github\.com\/\.extraheader
quality-gate	Post Run actions/checkout@v4	2025-12-29T01:41:17.3325207Z http.https://github.com/.extraheader
quality-gate	Post Run actions/checkout@v4	2025-12-29T01:41:17.3337399Z [command]/usr/bin/git config --local --unset-all http.https://github.com/.extraheader
quality-gate	Post Run actions/checkout@v4	2025-12-29T01:41:17.3367304Z [command]/usr/bin/git submodule foreach --recursive sh -c "git config --local --name-only --get-regexp 'http\.https\:\/\/github\.com\/\.extraheader' && git config --local --unset-all 'http.https://github.com/.extraheader' || :"
quality-gate	Post Run actions/checkout@v4	2025-12-29T01:41:17.3594949Z [command]/usr/bin/git config --local --name-only --get-regexp ^includeIf\.gitdir:
quality-gate	Post Run actions/checkout@v4	2025-12-29T01:41:17.3624995Z [command]/usr/bin/git submodule foreach --recursive git config --local --show-origin --name-only --get-regexp remote.origin.url
quality-gate	Complete job	ï»¿2025-12-29T01:41:17.3974400Z Cleaning up orphan processes
